Archive member included to satisfy reference by file (symbol)

src/libnrf-sdk.a(gcc_startup_nrf52.S.o)
                              (Reset_Handler)
src/libnrf-sdk.a(BLEAdvertising.cpp.o)
                              src/CMakeFiles/my-time.dir/smartwatch/base.cpp.o (BLEAdvertisingData::addService(BLEService&))
src/libnrf-sdk.a(BLEPeriph.cpp.o)
                              src/libnrf-sdk.a(BLEAdvertising.cpp.o) (BLEPeriph::connected())
src/libnrf-sdk.a(BLEUuid.cpp.o)
                              src/libnrf-sdk.a(BLEAdvertising.cpp.o) (BLEUuid::~BLEUuid())
src/libnrf-sdk.a(bluefruit.cpp.o)
                              src/CMakeFiles/my-time.dir/smartwatch/base.cpp.o (AdafruitBluefruit::begin(unsigned char, unsigned char))
src/libnrf-sdk.a(bonding.cpp.o)
                              src/libnrf-sdk.a(bluefruit.cpp.o) (bond_init())
src/libnrf-sdk.a(BLEUart.cpp.o)
                              src/CMakeFiles/my-time.dir/smartwatch/base.cpp.o (BLEUart::BLEUart(unsigned short))
src/libnrf-sdk.a(InternalFileSystem.cpp.o)
                              src/libnrf-sdk.a(bonding.cpp.o) (InternalFileSystem::begin())
src/libnrf-sdk.a(heap_3.c.o)  src/libnrf-sdk.a(BLEUuid.cpp.o) (__wrap_malloc)
src/libnrf-sdk.a(queue.c.o)   src/libnrf-sdk.a(bluefruit.cpp.o) (xQueueGenericCreate)
src/libnrf-sdk.a(tasks.c.o)   src/CMakeFiles/my-time.dir/main.c.o (xTaskCreate)
src/libnrf-sdk.a(timers.c.o)  src/libnrf-sdk.a(tasks.c.o) (xTimerCreateTimerTask)
src/libnrf-sdk.a(AdaCallback.c.o)
                              src/CMakeFiles/my-time.dir/main.c.o (ada_callback_init)
src/libnrf-sdk.a(adafruit_fifo.cpp.o)
                              src/libnrf-sdk.a(BLEUart.cpp.o) (Adafruit_FIFO::Adafruit_FIFO(unsigned char, unsigned short))
src/libnrf-sdk.a(delay.c.o)   src/CMakeFiles/my-time.dir/smartwatch/base.cpp.o (delay)
src/libnrf-sdk.a(hooks.c.o)   src/libnrf-sdk.a(tasks.c.o) (vApplicationIdleHook)
src/libnrf-sdk.a(new.cpp.o)   src/libnrf-sdk.a(bluefruit.cpp.o) (operator new(unsigned int))
src/libnrf-sdk.a(Print.cpp.o)
                              src/libnrf-sdk.a(bluefruit.cpp.o) (Print::print(char const*))
src/libnrf-sdk.a(rtos.cpp.o)  src/libnrf-sdk.a(tasks.c.o) (vApplicationStackOverflowHook)
src/libnrf-sdk.a(wiring.c.o)  src/CMakeFiles/my-time.dir/main.c.o (init)
src/libnrf-sdk.a(wiring_digital.c.o)
                              src/CMakeFiles/my-time.dir/smartwatch/base.cpp.o (pinMode)
src/libnrf-sdk.a(WString.cpp.o)
                              src/libnrf-sdk.a(BLEUuid.cpp.o) (String::String(char const*))
src/libnrf-sdk.a(system_nrf52.c.o)
                              src/libnrf-sdk.a(gcc_startup_nrf52.S.o) (SystemInit)
src/libnrf-sdk.a(Adafruit_LittleFS.cpp.o)
                              src/libnrf-sdk.a(InternalFileSystem.cpp.o) (Adafruit_LittleFS::~Adafruit_LittleFS())
src/libnrf-sdk.a(Adafruit_LittleFS_File.cpp.o)
                              src/libnrf-sdk.a(bonding.cpp.o) (Adafruit_LittleFS_Namespace::File::write(unsigned char))
src/libnrf-sdk.a(lfs.c.o)     src/libnrf-sdk.a(Adafruit_LittleFS_File.cpp.o) (lfs_dir_open)
src/libnrf-sdk.a(lfs_util.c.o)
                              src/libnrf-sdk.a(lfs.c.o) (lfs_crc)
src/libnrf-sdk.a(BLECharacteristic.cpp.o)
                              src/libnrf-sdk.a(BLEUart.cpp.o) (BLECharacteristic::~BLECharacteristic())
src/libnrf-sdk.a(BLEConnection.cpp.o)
                              src/libnrf-sdk.a(bluefruit.cpp.o) (BLEConnection::BLEConnection(unsigned short, ble_gap_evt_connected_t const*, unsigned char, unsigned char))
src/libnrf-sdk.a(BLEDiscovery.cpp.o)
                              src/libnrf-sdk.a(bluefruit.cpp.o) (BLEDiscovery::BLEDiscovery())
src/libnrf-sdk.a(BLEGatt.cpp.o)
                              src/libnrf-sdk.a(bluefruit.cpp.o) (BLEGatt::BLEGatt())
src/libnrf-sdk.a(BLESecurity.cpp.o)
                              src/libnrf-sdk.a(bluefruit.cpp.o) (BLESecurity::BLESecurity())
src/libnrf-sdk.a(BLEService.cpp.o)
                              src/libnrf-sdk.a(BLEUart.cpp.o) (BLEService::svc_disconnect_hdl(unsigned short))
src/libnrf-sdk.a(AdaMsg.cpp.o)
                              src/libnrf-sdk.a(BLEDiscovery.cpp.o) (AdaMsg::AdaMsg())
src/libnrf-sdk.a(flash_nrf5x.c.o)
                              src/libnrf-sdk.a(InternalFileSystem.cpp.o) (flash_nrf5x_flush)
src/libnrf-sdk.a(port_cmsis.c.o)
                              src/libnrf-sdk.a(tasks.c.o) (pxPortInitialiseStack)
src/libnrf-sdk.a(port_cmsis_systick.c.o)
                              src/libnrf-sdk.a(port_cmsis.c.o) (vPortSetupTimerInterrupt)
src/libnrf-sdk.a(port.c.o)    src/libnrf-sdk.a(port_cmsis.c.o) (vPortStartFirstTask)
src/libnrf-sdk.a(list.c.o)    src/libnrf-sdk.a(queue.c.o) (vListInitialise)
src/libnrf-sdk.a(abi.cpp.o)   src/libnrf-sdk.a(Print.cpp.o) (__cxa_pure_virtual)
src/libnrf-sdk.a(variant.cpp.o)
                              src/libnrf-sdk.a(wiring.c.o) (g_ADigitalPinMap)
src/libnrf-sdk.a(itoa.c.o)    src/libnrf-sdk.a(WString.cpp.o) (ltoa)
src/libnrf-sdk.a(BLEClientCharacteristic.cpp.o)
[...]
Memory Configuration

Name             Origin             Length             Attributes
FLASH            0x0000000000019000 0x0000000000054000 xr
RAM              0x0000000020002300 0x000000000000dd00 xrw
*default*        0x0000000000000000 0xffffffffffffffff

Linker script and memory map

                0x0000000000000800                __StackSize = 0x800
                0x0000000020010000                PROVIDE (__StackTop = (ORIGIN (RAM) + LENGTH (RAM)))
                0x000000002000f800                PROVIDE (__StackLimit = (__StackTop - __StackSize))
                0x0000000020010000                PROVIDE (__stack = __StackTop)
                0x0000000000019000                __flash_arduino_start = ORIGIN (FLASH)
                0x000000000006d000                __flash_arduino_end = (ORIGIN (FLASH) + LENGTH (FLASH))

.text           0x0000000000019000     0x84f4
 *(.isr_vector)
 .isr_vector    0x0000000000019000      0x200 src/libnrf-sdk.a(gcc_startup_nrf52.S.o)
                0x0000000000019000                __isr_vector
 *(.text*)
 .text          0x0000000000019200       0x40 /usr/local/gcc-arm-none-eabi-9-2020-q2-update/bin/../lib/gcc/arm-none-eabi/9.3.1/thumb/v7e-m+fp/hard/crtbegin.o
 .text          0x0000000000019240       0x7c /usr/local/gcc-arm-none-eabi-9-2020-q2-update/bin/../lib/gcc/arm-none-eabi/9.3.1/../../../../arm-none-eabi/lib/thumb/v7e-m+fp/hard/crt0.o
                0x0000000000019240                _stack_init
                0x0000000000019248                _mainCRTStartup
                0x0000000000019248                _start
 .text.loop_task
                0x00000000000192bc       0x10 src/CMakeFiles/my-time.dir/main.c.o
 .text.startup.main
                0x00000000000192cc       0x58 src/CMakeFiles/my-time.dir/main.c.o
                0x00000000000192cc                main
 .text._Z16connect_callbackt
                0x0000000000019324        0x2 src/CMakeFiles/my-time.dir/smartwatch/base.cpp.o
                0x0000000000019324                connect_callback(unsigned short)
 .text._Z19disconnect_callbackth
                0x0000000000019326        0x2 src/CMakeFiles/my-time.dir/smartwatch/base.cpp.o
                0x0000000000019326                disconnect_callback(unsigned short, unsigned char)
 .text._Z8startAdvv
                0x0000000000019328       0x50 src/CMakeFiles/my-time.dir/smartwatch/base.cpp.o
                0x0000000000019328                startAdv()
 .text.loop     0x0000000000019378       0x14 src/CMakeFiles/my-time.dir/smartwatch/base.cpp.o
                0x0000000000019378                loop
 .text.startup._GLOBAL__sub_I_bleuart
                0x000000000001938c       0x28 src/CMakeFiles/my-time.dir/smartwatch/base.cpp.o
 .text.setup    0x00000000000193b4       0x4c src/CMakeFiles/my-time.dir/smartwatch/base.cpp.o
                0x00000000000193b4                setup
 .text          0x0000000000019400       0x54 src/libnrf-sdk.a(gcc_startup_nrf52.S.o)
                0x0000000000019400                Reset_Handler
                0x0000000000019440                NMI_Handler
                0x0000000000019442                HardFault_Handler
                0x0000000000019444                MemoryManagement_Handler
                0x0000000000019446                BusFault_Handler
                0x0000000000019448                UsageFault_Handler
                0x000000000001944c                DebugMon_Handler
                0x0000000000019450                SysTick_Handler
                0x0000000000019452                TIMER2_IRQHandler
                0x0000000000019452                RTC0_IRQHandler
                0x0000000000019452                SWI0_EGU0_IRQHandler
                0x0000000000019452                GPIOTE_IRQHandler
                0x0000000000019452                PWM1_IRQHandler
                0x0000000000019452                POWER_CLOCK_IRQHandler
                0x0000000000019452                RADIO_IRQHandler
                0x0000000000019452                PDM_IRQHandler
                0x0000000000019452                TEMP_IRQHandler
                0x0000000000019452                QDEC_IRQHandler
                0x0000000000019452                TIMER3_IRQHandler
                0x0000000000019452                FPU_IRQHandler
                0x0000000000019452                SPIM0_SPIS0_TWIM0_TWIS0_SPI0_TWI0_IRQHandler
                0x0000000000019452                UARTE0_UART0_IRQHandler
                0x0000000000019452                TIMER4_IRQHandler
                0x0000000000019452                I2S_IRQHandler
                0x0000000000019452                SWI4_EGU4_IRQHandler
                0x0000000000019452                TIMER0_IRQHandler
                0x0000000000019452                TIMER1_IRQHandler
                0x0000000000019452                PWM2_IRQHandler
                0x0000000000019452                ECB_IRQHandler
                0x0000000000019452                SPIM1_SPIS1_TWIM1_TWIS1_SPI1_TWI1_IRQHandler
                0x0000000000019452                Default_Handler
                0x0000000000019452                SAADC_IRQHandler
                0x0000000000019452                CCM_AAR_IRQHandler
                0x0000000000019452                WDT_IRQHandler
                0x0000000000019452                SWI5_EGU5_IRQHandler
                0x0000000000019452                RNG_IRQHandler
                0x0000000000019452                RTC2_IRQHandler
                0x0000000000019452                PWM0_IRQHandler
                0x0000000000019452                SWI3_EGU3_IRQHandler
                0x0000000000019452                SWI1_EGU1_IRQHandler
                0x0000000000019452                SPIM2_SPIS2_SPI2_IRQHandler
                0x0000000000019452                NFCT_IRQHandler
                0x0000000000019452                MWU_IRQHandler
                0x0000000000019452                COMP_LPCOMP_IRQHandler
 .text.sd_ble_gap_adv_set_configure
                0x0000000000019454        0x4 src/libnrf-sdk.a(BLEAdvertising.cpp.o)
 .text.sd_ble_gap_adv_start
                0x0000000000019458        0x4 src/libnrf-sdk.a(BLEAdvertising.cpp.o)
 .text.sd_ble_gap_tx_power_set
                0x000000000001945c        0x4 src/libnrf-sdk.a(BLEAdvertising.cpp.o)
 .text._ZN18BLEAdvertisingDataC2Ev
                0x0000000000019460       0x12 src/libnrf-sdk.a(BLEAdvertising.cpp.o)
                0x0000000000019460                BLEAdvertisingData::BLEAdvertisingData()
                0x0000000000019460                BLEAdvertisingData::BLEAdvertisingData()
 .text._ZN18BLEAdvertisingData7addDataEhPKvh
                0x0000000000019472       0x34 src/libnrf-sdk.a(BLEAdvertising.cpp.o)
                0x0000000000019472                BLEAdvertisingData::addData(unsigned char, void const*, unsigned char)
 *fill*         0x00000000000194a6        0x2 
 .text._ZN7BLEUuidC2ERKS_
                0x00000000000194a8       0x18 src/libnrf-sdk.a(BLEAdvertising.cpp.o)
                0x00000000000194a8                BLEUuid::BLEUuid(BLEUuid const&)
                0x00000000000194a8                BLEUuid::BLEUuid(BLEUuid const&)
 .text._ZN18BLEAdvertisingData7addUuidEP7BLEUuidh
                0x00000000000194c0       0x74 src/libnrf-sdk.a(BLEAdvertising.cpp.o)
                0x00000000000194c0                BLEAdvertisingData::addUuid(BLEUuid*, unsigned char)
 .text._ZN18BLEAdvertisingData7addUuidE7BLEUuid
                0x0000000000019534        0x6 src/libnrf-sdk.a(BLEAdvertising.cpp.o)
                0x0000000000019534                BLEAdvertisingData::addUuid(BLEUuid)
 .text._ZN18BLEAdvertisingData10addServiceER10BLEService
                0x000000000001953a       0x22 src/libnrf-sdk.a(BLEAdvertising.cpp.o)
                0x000000000001953a                BLEAdvertisingData::addService(BLEService&)
 .text._ZN18BLEAdvertisingData7addNameEv
                0x000000000001955c       0x40 src/libnrf-sdk.a(BLEAdvertising.cpp.o)
                0x000000000001955c                BLEAdvertisingData::addName()
 .text._ZN18BLEAdvertisingData10addTxPowerEv
                0x000000000001959c       0x24 src/libnrf-sdk.a(BLEAdvertising.cpp.o)
                0x000000000001959c                BLEAdvertisingData::addTxPower()
 .text._ZN18BLEAdvertisingData8addFlagsEh
                0x00000000000195c0       0x18 src/libnrf-sdk.a(BLEAdvertising.cpp.o)
                0x00000000000195c0                BLEAdvertisingData::addFlags(unsigned char)
 .text._ZN14BLEAdvertisingC2Ev
                0x00000000000195d8       0x2c src/libnrf-sdk.a(BLEAdvertising.cpp.o)
                0x00000000000195d8                BLEAdvertising::BLEAdvertising()
                0x00000000000195d8                BLEAdvertising::BLEAdvertising()
 .text._ZN14BLEAdvertising14setFastTimeoutEt
                0x0000000000019604        0x4 src/libnrf-sdk.a(BLEAdvertising.cpp.o)
                0x0000000000019604                BLEAdvertising::setFastTimeout(unsigned short)
 .text._ZN14BLEAdvertising11setIntervalEtt
                0x0000000000019608        0x8 src/libnrf-sdk.a(BLEAdvertising.cpp.o)
                0x0000000000019608                BLEAdvertising::setInterval(unsigned short, unsigned short)
 .text._ZN14BLEAdvertising19restartOnDisconnectEb
                0x0000000000019610        0x6 src/libnrf-sdk.a(BLEAdvertising.cpp.o)
                0x0000000000019610                BLEAdvertising::restartOnDisconnect(bool)
 *fill*         0x0000000000019616        0x2 
 .text._ZN14BLEAdvertising6_startEtt
                0x0000000000019618       0xc0 src/libnrf-sdk.a(BLEAdvertising.cpp.o)
                0x0000000000019618                BLEAdvertising::_start(unsigned short, unsigned short)
 .text._ZN14BLEAdvertising5startEt
                0x00000000000196d8       0x24 src/libnrf-sdk.a(BLEAdvertising.cpp.o)
                0x00000000000196d8                BLEAdvertising::start(unsigned short)
 .text._ZN14BLEAdvertising13_eventHandlerEP9ble_evt_t
                0x00000000000196fc       0xc4 src/libnrf-sdk.a(BLEAdvertising.cpp.o)
                0x00000000000196fc                BLEAdvertising::_eventHandler(ble_evt_t*)
 .text.sd_ble_gap_appearance_set
                0x00000000000197c0        0x4 src/libnrf-sdk.a(BLEPeriph.cpp.o)
 .text.sd_ble_gap_ppcp_set
                0x00000000000197c4        0x4 src/libnrf-sdk.a(BLEPeriph.cpp.o)
 .text._ZN9BLEPeriphC2Ev
                0x00000000000197c8       0x1c src/libnrf-sdk.a(BLEPeriph.cpp.o)
                0x00000000000197c8                BLEPeriph::BLEPeriph()
                0x00000000000197c8                BLEPeriph::BLEPeriph()
 .text._ZN9BLEPeriph5beginEv
                0x00000000000197e4       0x18 src/libnrf-sdk.a(BLEPeriph.cpp.o)
                0x00000000000197e4                BLEPeriph::begin()
 .text._ZN9BLEPeriph9connectedEt
                0x00000000000197fc       0x2c src/libnrf-sdk.a(BLEPeriph.cpp.o)
                0x00000000000197fc                BLEPeriph::connected(unsigned short)
 .text._ZN9BLEPeriph9connectedEv
                0x0000000000019828       0x20 src/libnrf-sdk.a(BLEPeriph.cpp.o)
                0x0000000000019828                BLEPeriph::connected()
 .text._ZN9BLEPeriph18setConnectCallbackEPFvtE
                0x0000000000019848        0x4 src/libnrf-sdk.a(BLEPeriph.cpp.o)
                0x0000000000019848                BLEPeriph::setConnectCallback(void (*)(unsigned short))
 .text._ZN9BLEPeriph21setDisconnectCallbackEPFvthE
                0x000000000001984c        0x4 src/libnrf-sdk.a(BLEPeriph.cpp.o)
                0x000000000001984c                BLEPeriph::setDisconnectCallback(void (*)(unsigned short, unsigned char))
 .text._ZN9BLEPeriph13_eventHandlerEP9ble_evt_t
                0x0000000000019850        0x2 src/libnrf-sdk.a(BLEPeriph.cpp.o)
                0x0000000000019850                BLEPeriph::_eventHandler(ble_evt_t*)
 .text.sd_ble_uuid_vs_add
                0x0000000000019852        0x4 src/libnrf-sdk.a(BLEUuid.cpp.o)
 .text.sd_ble_uuid_decode
                0x0000000000019856        0x4 src/libnrf-sdk.a(BLEUuid.cpp.o)
 .text._ZN7BLEUuidD2Ev
                0x000000000001985a        0x2 src/libnrf-sdk.a(BLEUuid.cpp.o)
                0x000000000001985a                BLEUuid::~BLEUuid()
                0x000000000001985a                BLEUuid::~BLEUuid()
 .text._ZN7BLEUuidD0Ev
                0x000000000001985c        0xe src/libnrf-sdk.a(BLEUuid.cpp.o)
                0x000000000001985c                BLEUuid::~BLEUuid()
 *fill*         0x000000000001986a        0x2 
 .text._ZN7BLEUuidC2Et
                0x000000000001986c       0x18 src/libnrf-sdk.a(BLEUuid.cpp.o)
                0x000000000001986c                BLEUuid::BLEUuid(unsigned short)
                0x000000000001986c                BLEUuid::BLEUuid(unsigned short)
 .text._ZN7BLEUuidC2EPKh
                0x0000000000019884       0x14 src/libnrf-sdk.a(BLEUuid.cpp.o)
                0x0000000000019884                BLEUuid::BLEUuid(unsigned char const*)
                0x0000000000019884                BLEUuid::BLEUuid(unsigned char const*)
 .text._ZNK7BLEUuid4sizeEv
                0x0000000000019898       0x20 src/libnrf-sdk.a(BLEUuid.cpp.o)
                0x0000000000019898                BLEUuid::size() const
 .text._Z17parse_str2uuid128PKc
                0x00000000000198b8       0x5a src/libnrf-sdk.a(BLEUuid.cpp.o)
                0x00000000000198b8                parse_str2uuid128(char const*)
 .text._ZN7BLEUuid5beginEv
                0x0000000000019912       0x34 src/libnrf-sdk.a(BLEUuid.cpp.o)
                0x0000000000019912                BLEUuid::begin()
 .text.sd_evt_get
                0x0000000000019946        0x4 src/libnrf-sdk.a(bluefruit.cpp.o)
 .text.sd_softdevice_enable
                0x000000000001994a        0x4 src/libnrf-sdk.a(bluefruit.cpp.o)
 .text.sd_ble_gap_appearance_set
                0x000000000001994e        0x4 src/libnrf-sdk.a(bluefruit.cpp.o)
 .text.sd_ble_gap_device_name_set
                0x0000000000019952        0x4 src/libnrf-sdk.a(bluefruit.cpp.o)
 .text.sd_ble_gap_device_name_get
                0x0000000000019956        0x4 src/libnrf-sdk.a(bluefruit.cpp.o)
 .text.sd_ble_enable
                0x000000000001995a        0x4 src/libnrf-sdk.a(bluefruit.cpp.o)
 .text.sd_ble_cfg_set
                0x000000000001995e        0x4 src/libnrf-sdk.a(bluefruit.cpp.o)
 .text.sd_ble_evt_get
                0x0000000000019962        0x4 src/libnrf-sdk.a(bluefruit.cpp.o)
 .text.sd_ble_user_mem_reply
                0x0000000000019966        0x4 src/libnrf-sdk.a(bluefruit.cpp.o)
 .text.sd_ble_opt_set
                0x000000000001996a        0x4 src/libnrf-sdk.a(bluefruit.cpp.o)
 .text._ZL19bluefruit_blinky_cbPv
                0x000000000001996e        0x2 src/libnrf-sdk.a(bluefruit.cpp.o)
 .text._ZL12nrf_error_cbmmm
                0x0000000000019970        0x2 src/libnrf-sdk.a(bluefruit.cpp.o)
 *fill*         0x0000000000019972        0x2 
 .text._Z17adafruit_soc_taskPv
                0x0000000000019974       0x40 src/libnrf-sdk.a(bluefruit.cpp.o)
                0x0000000000019974                adafruit_soc_task(void*)
 .text._ZN17AdafruitBluefruitC2Ev
                0x00000000000199b4       0x98 src/libnrf-sdk.a(bluefruit.cpp.o)
                0x00000000000199b4                AdafruitBluefruit::AdafruitBluefruit()
                0x00000000000199b4                AdafruitBluefruit::AdafruitBluefruit()
 .text._ZN17AdafruitBluefruit5beginEhh
                0x0000000000019a4c      0x304 src/libnrf-sdk.a(bluefruit.cpp.o)
                0x0000000000019a4c                AdafruitBluefruit::begin(unsigned char, unsigned char)
 .text._ZN17AdafruitBluefruit7getNameEPct
                0x0000000000019d50       0x20 src/libnrf-sdk.a(bluefruit.cpp.o)
                0x0000000000019d50                AdafruitBluefruit::getName(char*, unsigned short)
 .text._ZN17AdafruitBluefruit10getTxPowerEv
                0x0000000000019d70        0x6 src/libnrf-sdk.a(bluefruit.cpp.o)
                0x0000000000019d70                AdafruitBluefruit::getTxPower()
 .text._ZN17AdafruitBluefruit18setConnLedIntervalEm
                0x0000000000019d76       0x3e src/libnrf-sdk.a(bluefruit.cpp.o)
                0x0000000000019d76                AdafruitBluefruit::setConnLedInterval(unsigned long)
 .text._ZN17AdafruitBluefruit13setAppearanceEt
                0x0000000000019db4       0x10 src/libnrf-sdk.a(bluefruit.cpp.o)
                0x0000000000019db4                AdafruitBluefruit::setAppearance(unsigned short)
 .text._ZN17AdafruitBluefruit9connectedEt
                0x0000000000019dc4       0x16 src/libnrf-sdk.a(bluefruit.cpp.o)
                0x0000000000019dc4                AdafruitBluefruit::connected(unsigned short)
 .text._ZN17AdafruitBluefruit9connectedEv
                0x0000000000019dda       0x20 src/libnrf-sdk.a(bluefruit.cpp.o)
                0x0000000000019dda                AdafruitBluefruit::connected()
 .text._ZN17AdafruitBluefruit10connHandleEv
                0x0000000000019dfa        0x6 src/libnrf-sdk.a(bluefruit.cpp.o)
                0x0000000000019dfa                AdafruitBluefruit::connHandle()
 .text._ZN17AdafruitBluefruit9getMaxMtuEh
                0x0000000000019e00        0xe src/libnrf-sdk.a(bluefruit.cpp.o)
                0x0000000000019e00                AdafruitBluefruit::getMaxMtu(unsigned char)
 .text._ZN17AdafruitBluefruit10ConnectionEt
                0x0000000000019e0e       0x10 src/libnrf-sdk.a(bluefruit.cpp.o)
                0x0000000000019e0e                AdafruitBluefruit::Connection(unsigned short)
 *fill*         0x0000000000019e1e        0x2 
 .text.SWI2_EGU2_IRQHandler
                0x0000000000019e20       0x20 src/libnrf-sdk.a(bluefruit.cpp.o)
                0x0000000000019e20                SWI2_EGU2_IRQHandler
 .text._ZN17AdafruitBluefruit13_startConnLedEv
                0x0000000000019e40       0x22 src/libnrf-sdk.a(bluefruit.cpp.o)
                0x0000000000019e40                AdafruitBluefruit::_startConnLed()
 .text._ZN17AdafruitBluefruit12_stopConnLedEv
                0x0000000000019e62       0x20 src/libnrf-sdk.a(bluefruit.cpp.o)
                0x0000000000019e62                AdafruitBluefruit::_stopConnLed()
 .text._ZN17AdafruitBluefruit12_ble_handlerEP9ble_evt_t
                0x0000000000019e82      0x18a src/libnrf-sdk.a(bluefruit.cpp.o)
                0x0000000000019e82                AdafruitBluefruit::_ble_handler(ble_evt_t*)
 .text._Z17adafruit_ble_taskPv
                0x000000000001a00c       0x48 src/libnrf-sdk.a(bluefruit.cpp.o)
                0x000000000001a00c                adafruit_ble_task(void*)
 .text.startup._GLOBAL__sub_I_Bluefruit
                0x000000000001a054        0xc src/libnrf-sdk.a(bluefruit.cpp.o)
 .text.sd_ble_gatts_sys_attr_set
                0x000000000001a060        0x4 src/libnrf-sdk.a(bonding.cpp.o)
 .text.sd_ble_gatts_sys_attr_get
                0x000000000001a064        0x4 src/libnrf-sdk.a(bonding.cpp.o)
 .text._ZL9get_fnamePchPKh
                0x000000000001a068       0x34 src/libnrf-sdk.a(bonding.cpp.o)
 .text._Z9bond_initv
                0x000000000001a09c       0x40 src/libnrf-sdk.a(bonding.cpp.o)
                0x000000000001a09c                bond_init()
 .text._Z14bond_save_keyshtPK11bond_keys_t
                0x000000000001a0dc       0x24 src/libnrf-sdk.a(bonding.cpp.o)
                0x000000000001a0dc                bond_save_keys(unsigned char, unsigned short, bond_keys_t const*)
 .text._ZN27Adafruit_LittleFS_Namespace4FileaSEOS0_
                0x000000000001a100       0x36 src/libnrf-sdk.a(bonding.cpp.o)
                0x000000000001a100                Adafruit_LittleFS_Namespace::File::operator=(Adafruit_LittleFS_Namespace::File&&)
 *fill*         0x000000000001a136        0x2 
 .text._Z14bond_save_cccdhtPK14ble_gap_addr_t
                0x000000000001a138       0x24 src/libnrf-sdk.a(bonding.cpp.o)
                0x000000000001a138                bond_save_cccd(unsigned char, unsigned short, ble_gap_addr_t const*)
 .text._Z14bond_load_keyshP14ble_gap_addr_tP11bond_keys_t
                0x000000000001a15c      0x10c src/libnrf-sdk.a(bonding.cpp.o)
                0x000000000001a15c                bond_load_keys(unsigned char, ble_gap_addr_t*, bond_keys_t*)
 .text._ZL16bdata_skip_fieldPN27Adafruit_LittleFS_Namespace4FileE.constprop.0
                0x000000000001a268       0x22 src/libnrf-sdk.a(bonding.cpp.o)
 *fill*         0x000000000001a28a        0x2 
 .text._Z14bond_load_cccdhtPK14ble_gap_addr_t
                0x000000000001a28c       0x94 src/libnrf-sdk.a(bonding.cpp.o)
                0x000000000001a28c                bond_load_cccd(unsigned char, unsigned short, ble_gap_addr_t const*)
 .text._ZL11bdata_writePN27Adafruit_LittleFS_Namespace4FileEPKvt.constprop.0
                0x000000000001a320       0x1c src/libnrf-sdk.a(bonding.cpp.o)
 .text._ZL18bond_save_cccd_dfrhtPK14ble_gap_addr_t
                0x000000000001a33c       0xf8 src/libnrf-sdk.a(bonding.cpp.o)
 .text._ZL18bond_save_keys_dfrhtPK11bond_keys_t
                0x000000000001a434       0xd0 src/libnrf-sdk.a(bonding.cpp.o)
 .text._ZN5Print17availableForWriteEv
                0x000000000001a504        0x4 src/libnrf-sdk.a(BLEUart.cpp.o)
                0x000000000001a504                Print::availableForWrite()
 .text._ZN7BLEUart4readEv
                0x000000000001a508       0x20 src/libnrf-sdk.a(BLEUart.cpp.o)
                0x000000000001a508                BLEUart::read()
 .text._ZThn24_N7BLEUart4readEv
                0x000000000001a528        0x8 src/libnrf-sdk.a(BLEUart.cpp.o)
                0x000000000001a528                non-virtual thunk to BLEUart::read()
 .text._ZN7BLEUart5writeEth
                0x000000000001a530       0x16 src/libnrf-sdk.a(BLEUart.cpp.o)
                0x000000000001a530                BLEUart::write(unsigned short, unsigned char)
 .text._ZN7BLEUart9availableEv
                0x000000000001a546        0xa src/libnrf-sdk.a(BLEUart.cpp.o)
                0x000000000001a546                BLEUart::available()
 .text._ZThn24_N7BLEUart9availableEv
                0x000000000001a550        0x8 src/libnrf-sdk.a(BLEUart.cpp.o)
                0x000000000001a550                non-virtual thunk to BLEUart::available()
 .text._ZN7BLEUart14bleuart_rxd_cbEtP17BLECharacteristicPht
                0x000000000001a558       0x42 src/libnrf-sdk.a(BLEUart.cpp.o)
                0x000000000001a558                BLEUart::bleuart_rxd_cb(unsigned short, BLECharacteristic*, unsigned char*, unsigned short)
 *fill*         0x000000000001a59a        0x2 
 .text._ZN7BLEUart5writeEh
                0x000000000001a59c       0x28 src/libnrf-sdk.a(BLEUart.cpp.o)
                0x000000000001a59c                BLEUart::write(unsigned char)
 .text._ZThn24_N7BLEUart5writeEh
                0x000000000001a5c4        0x8 src/libnrf-sdk.a(BLEUart.cpp.o)
                0x000000000001a5c4                non-virtual thunk to BLEUart::write(unsigned char)
 .text._ZN7BLEUart5writeEPKhj
                0x000000000001a5cc       0x28 src/libnrf-sdk.a(BLEUart.cpp.o)
                0x000000000001a5cc                BLEUart::write(unsigned char const*, unsigned int)
 .text._ZThn24_N7BLEUart5writeEPKhj
                0x000000000001a5f4        0x8 src/libnrf-sdk.a(BLEUart.cpp.o)
                0x000000000001a5f4                non-virtual thunk to BLEUart::write(unsigned char const*, unsigned int)
 .text._ZN7BLEUart4readEPhj
                0x000000000001a5fc        0xe src/libnrf-sdk.a(BLEUart.cpp.o)
                0x000000000001a5fc                BLEUart::read(unsigned char*, unsigned int)
 .text._ZN7BLEUart4peekEv
                0x000000000001a60a       0x22 src/libnrf-sdk.a(BLEUart.cpp.o)
                0x000000000001a60a                BLEUart::peek()
 .text._ZThn24_N7BLEUart4peekEv
                0x000000000001a62c        0x8 src/libnrf-sdk.a(BLEUart.cpp.o)
                0x000000000001a62c                non-virtual thunk to BLEUart::peek()
 .text._ZN7BLEUart5flushEv
                0x000000000001a634        0x8 src/libnrf-sdk.a(BLEUart.cpp.o)
                0x000000000001a634                BLEUart::flush()
 .text._ZThn24_N7BLEUart5flushEv
                0x000000000001a63c        0x8 src/libnrf-sdk.a(BLEUart.cpp.o)
                0x000000000001a63c                non-virtual thunk to BLEUart::flush()
 .text._ZN7BLEUart8flushTXDEt
                0x000000000001a644       0x5c src/libnrf-sdk.a(BLEUart.cpp.o)
                0x000000000001a644                BLEUart::flushTXD(unsigned short)
 .text._ZN7BLEUart5writeEtPKhj
                0x000000000001a6a0       0xa0 src/libnrf-sdk.a(BLEUart.cpp.o)
                0x000000000001a6a0                BLEUart::write(unsigned short, unsigned char const*, unsigned int)
 .text._ZN7BLEUartC2Et
                0x000000000001a740       0x90 src/libnrf-sdk.a(BLEUart.cpp.o)
                0x000000000001a740                BLEUart::BLEUart(unsigned short)
                0x000000000001a740                BLEUart::BLEUart(unsigned short)
 .text._ZN7BLEUartD2Ev
                0x000000000001a7d0       0x40 src/libnrf-sdk.a(BLEUart.cpp.o)
                0x000000000001a7d0                BLEUart::~BLEUart()
                0x000000000001a7d0                BLEUart::~BLEUart()
 .text._ZN7BLEUartD0Ev
                0x000000000001a810       0x14 src/libnrf-sdk.a(BLEUart.cpp.o)
                0x000000000001a810                BLEUart::~BLEUart()
 .text._ZN7BLEUart5beginEv
                0x000000000001a824       0xbc src/libnrf-sdk.a(BLEUart.cpp.o)
                0x000000000001a824                BLEUart::begin()
 .text._ZN18InternalFileSystemD2Ev
                0x000000000001a8e0       0x14 src/libnrf-sdk.a(InternalFileSystem.cpp.o)
                0x000000000001a8e0                InternalFileSystem::~InternalFileSystem()
                0x000000000001a8e0                InternalFileSystem::~InternalFileSystem()
 .text._ZN18InternalFileSystemD0Ev
                0x000000000001a8f4       0x14 src/libnrf-sdk.a(InternalFileSystem.cpp.o)
                0x000000000001a8f4                InternalFileSystem::~InternalFileSystem()
 .text._ZL20_internal_flash_syncPK10lfs_config
                0x000000000001a908        0xa src/libnrf-sdk.a(InternalFileSystem.cpp.o)
 .text._ZL20_internal_flash_progPK10lfs_configmmPKvm
                0x000000000001a912       0x1e src/libnrf-sdk.a(InternalFileSystem.cpp.o)
 .text._ZL20_internal_flash_readPK10lfs_configmmPvm
                0x000000000001a930       0x20 src/libnrf-sdk.a(InternalFileSystem.cpp.o)
 .text._ZL21_internal_flash_erasePK10lfs_configm
                0x000000000001a950       0x28 src/libnrf-sdk.a(InternalFileSystem.cpp.o)
 .text._ZN18InternalFileSystemC2Ev
                0x000000000001a978       0x1c src/libnrf-sdk.a(InternalFileSystem.cpp.o)
                0x000000000001a978                InternalFileSystem::InternalFileSystem()
                0x000000000001a978                InternalFileSystem::InternalFileSystem()
 .text._ZN18InternalFileSystem5beginEv
                0x000000000001a994       0x36 src/libnrf-sdk.a(InternalFileSystem.cpp.o)
                0x000000000001a994                InternalFileSystem::begin()
 *fill*         0x000000000001a9ca        0x2 
 .text.startup._GLOBAL__sub_I_InternalFS
                0x000000000001a9cc       0x24 src/libnrf-sdk.a(InternalFileSystem.cpp.o)
 .text.pvPortMalloc
                0x000000000001a9f0       0x20 src/libnrf-sdk.a(heap_3.c.o)
                0x000000000001a9f0                pvPortMalloc
 .text.__wrap_malloc
                0x000000000001aa10       0x1e src/libnrf-sdk.a(heap_3.c.o)
                0x000000000001aa10                __wrap_malloc
 .text.vPortFree
                0x000000000001aa2e       0x1a src/libnrf-sdk.a(heap_3.c.o)
                0x000000000001aa2e                vPortFree
 .text.__wrap_free
                0x000000000001aa48       0x1e src/libnrf-sdk.a(heap_3.c.o)
                0x000000000001aa48                __wrap_free
 .text.prvIsQueueEmpty
                0x000000000001aa66       0x16 src/libnrf-sdk.a(queue.c.o)
 .text.prvCopyDataToQueue
                0x000000000001aa7c       0x6a src/libnrf-sdk.a(queue.c.o)
 .text.prvCopyDataFromQueue
                0x000000000001aae6       0x2c src/libnrf-sdk.a(queue.c.o)
 .text.prvUnlockQueue
                0x000000000001ab12       0x70 src/libnrf-sdk.a(queue.c.o)
 *fill*         0x000000000001ab82        0x2 
 .text.xQueueGenericReset
                0x000000000001ab84       0x6c src/libnrf-sdk.a(queue.c.o)
                0x000000000001ab84                xQueueGenericReset
 .text.xQueueGenericCreateStatic
                0x000000000001abf0       0x2c src/libnrf-sdk.a(queue.c.o)
                0x000000000001abf0                xQueueGenericCreateStatic
 .text.xQueueGenericCreate
                0x000000000001ac1c       0x3a src/libnrf-sdk.a(queue.c.o)
                0x000000000001ac1c                xQueueGenericCreate
 .text.xQueueCreateCountingSemaphore
                0x000000000001ac56       0x12 src/libnrf-sdk.a(queue.c.o)
                0x000000000001ac56                xQueueCreateCountingSemaphore
 .text.xQueueGenericSend
                0x000000000001ac68      0x108 src/libnrf-sdk.a(queue.c.o)
                0x000000000001ac68                xQueueGenericSend
 .text.xQueueCreateMutexStatic
                0x000000000001ad70       0x2a src/libnrf-sdk.a(queue.c.o)
                0x000000000001ad70                xQueueCreateMutexStatic
 .text.xQueueCreateMutex
                0x000000000001ad9a       0x24 src/libnrf-sdk.a(queue.c.o)
                0x000000000001ad9a                xQueueCreateMutex
 .text.xQueueGenericSendFromISR
                0x000000000001adbe       0x5e src/libnrf-sdk.a(queue.c.o)
                0x000000000001adbe                xQueueGenericSendFromISR
 .text.xQueueGiveFromISR
                0x000000000001ae1c       0x52 src/libnrf-sdk.a(queue.c.o)
                0x000000000001ae1c                xQueueGiveFromISR
 *fill*         0x000000000001ae6e        0x2 
 .text.xQueueReceive
                0x000000000001ae70       0xf4 src/libnrf-sdk.a(queue.c.o)
                0x000000000001ae70                xQueueReceive
 .text.xQueueSemaphoreTake
                0x000000000001af64      0x12c src/libnrf-sdk.a(queue.c.o)
                0x000000000001af64                xQueueSemaphoreTake
 .text.vQueueAddToRegistry
                0x000000000001b090       0x1c src/libnrf-sdk.a(queue.c.o)
                0x000000000001b090                vQueueAddToRegistry
 .text.vQueueUnregisterQueue
                0x000000000001b0ac       0x28 src/libnrf-sdk.a(queue.c.o)
                0x000000000001b0ac                vQueueUnregisterQueue
 .text.vQueueDelete
                0x000000000001b0d4       0x16 src/libnrf-sdk.a(queue.c.o)
                0x000000000001b0d4                vQueueDelete
 .text.vQueueWaitForMessageRestricted
                0x000000000001b0ea       0x46 src/libnrf-sdk.a(queue.c.o)
                0x000000000001b0ea                vQueueWaitForMessageRestricted
 .text.prvAddNewTaskToReadyList
                0x000000000001b130      0x118 src/libnrf-sdk.a(tasks.c.o)
 .text.prvGetExpectedIdleTime
                0x000000000001b248       0x3c src/libnrf-sdk.a(tasks.c.o)
 .text.prvResetNextTaskUnblockTime
                0x000000000001b284       0x24 src/libnrf-sdk.a(tasks.c.o)
 .text.prvInitialiseNewTask.isra.0
                0x000000000001b2a8       0x90 src/libnrf-sdk.a(tasks.c.o)
 .text.prvDeleteTCB
                0x000000000001b338       0x20 src/libnrf-sdk.a(tasks.c.o)
 .text.prvAddCurrentTaskToDelayedList
                0x000000000001b358       0x74 src/libnrf-sdk.a(tasks.c.o)
 .text.xTaskCreateStatic
                0x000000000001b3cc       0x34 src/libnrf-sdk.a(tasks.c.o)
                0x000000000001b3cc                xTaskCreateStatic
 .text.xTaskCreate
                0x000000000001b400       0x5a src/libnrf-sdk.a(tasks.c.o)
                0x000000000001b400                xTaskCreate
 *fill*         0x000000000001b45a        0x2 
 .text.vTaskResume
                0x000000000001b45c       0x8c src/libnrf-sdk.a(tasks.c.o)
                0x000000000001b45c                vTaskResume
 .text.vTaskStartScheduler
                0x000000000001b4e8       0x70 src/libnrf-sdk.a(tasks.c.o)
                0x000000000001b4e8                vTaskStartScheduler
 .text.vTaskSuspendAll
                0x000000000001b558       0x10 src/libnrf-sdk.a(tasks.c.o)
                0x000000000001b558                vTaskSuspendAll
 .text.xTaskGetTickCount
                0x000000000001b568        0xc src/libnrf-sdk.a(tasks.c.o)
                0x000000000001b568                xTaskGetTickCount
 .text.vTaskStepTick
                0x000000000001b574       0x10 src/libnrf-sdk.a(tasks.c.o)
                0x000000000001b574                vTaskStepTick
 .text.xTaskIncrementTick
                0x000000000001b584       0xec src/libnrf-sdk.a(tasks.c.o)
                0x000000000001b584                xTaskIncrementTick
 .text.xTaskResumeAll
                0x000000000001b670       0xd4 src/libnrf-sdk.a(tasks.c.o)
                0x000000000001b670                xTaskResumeAll
 .text.vTaskDelay
                0x000000000001b744       0x30 src/libnrf-sdk.a(tasks.c.o)
                0x000000000001b744                vTaskDelay
 .text.prvIdleTask
                0x000000000001b774       0x84 src/libnrf-sdk.a(tasks.c.o)
 .text.vTaskSwitchContext
                0x000000000001b7f8       0x7c src/libnrf-sdk.a(tasks.c.o)
                0x000000000001b7f8                vTaskSwitchContext
 .text.vTaskSuspend
                0x000000000001b874       0x98 src/libnrf-sdk.a(tasks.c.o)
                0x000000000001b874                vTaskSuspend
 .text.vTaskPlaceOnEventList
                0x000000000001b90c       0x20 src/libnrf-sdk.a(tasks.c.o)
                0x000000000001b90c                vTaskPlaceOnEventList
 .text.vTaskPlaceOnEventListRestricted
                0x000000000001b92c       0x28 src/libnrf-sdk.a(tasks.c.o)
                0x000000000001b92c                vTaskPlaceOnEventListRestricted
 .text.xTaskRemoveFromEventList
                0x000000000001b954       0x78 src/libnrf-sdk.a(tasks.c.o)
                0x000000000001b954                xTaskRemoveFromEventList
 .text.vTaskInternalSetTimeOutState
                0x000000000001b9cc       0x18 src/libnrf-sdk.a(tasks.c.o)
                0x000000000001b9cc                vTaskInternalSetTimeOutState
 .text.xTaskCheckForTimeOut
                0x000000000001b9e4       0x50 src/libnrf-sdk.a(tasks.c.o)
                0x000000000001b9e4                xTaskCheckForTimeOut
 .text.vTaskMissedYield
                0x000000000001ba34        0xc src/libnrf-sdk.a(tasks.c.o)
                0x000000000001ba34                vTaskMissedYield
 .text.eTaskConfirmSleepModeStatus
                0x000000000001ba40       0x34 src/libnrf-sdk.a(tasks.c.o)
                0x000000000001ba40                eTaskConfirmSleepModeStatus
 .text.xTaskGetSchedulerState
                0x000000000001ba74       0x20 src/libnrf-sdk.a(tasks.c.o)
                0x000000000001ba74                xTaskGetSchedulerState
 .text.xTaskPriorityInherit
                0x000000000001ba94       0x88 src/libnrf-sdk.a(tasks.c.o)
                0x000000000001ba94                xTaskPriorityInherit
 .text.xTaskPriorityDisinherit
                0x000000000001bb1c       0x58 src/libnrf-sdk.a(tasks.c.o)
                0x000000000001bb1c                xTaskPriorityDisinherit
 .text.vTaskPriorityDisinheritAfterTimeout
                0x000000000001bb74       0x70 src/libnrf-sdk.a(tasks.c.o)
                0x000000000001bb74                vTaskPriorityDisinheritAfterTimeout
 .text.pvTaskIncrementMutexHeldCount
                0x000000000001bbe4       0x18 src/libnrf-sdk.a(tasks.c.o)
                0x000000000001bbe4                pvTaskIncrementMutexHeldCount
 .text.prvCheckForValidListAndQueue
                0x000000000001bbfc       0x68 src/libnrf-sdk.a(timers.c.o)
 .text.prvInsertTimerInActiveList
                0x000000000001bc64       0x3c src/libnrf-sdk.a(timers.c.o)
 .text.xTimerCreateTimerTask
                0x000000000001bca0       0x54 src/libnrf-sdk.a(timers.c.o)
                0x000000000001bca0                xTimerCreateTimerTask
 .text.xTimerCreate
                0x000000000001bcf4       0x3a src/libnrf-sdk.a(timers.c.o)
                0x000000000001bcf4                xTimerCreate
 *fill*         0x000000000001bd2e        0x2 
 .text.xTimerGenericCommand
                0x000000000001bd30       0x44 src/libnrf-sdk.a(timers.c.o)
                0x000000000001bd30                xTimerGenericCommand
 .text.prvSwitchTimerLists
                0x000000000001bd74       0x64 src/libnrf-sdk.a(timers.c.o)
 .text.prvTimerTask
                0x000000000001bdd8      0x1b4 src/libnrf-sdk.a(timers.c.o)
 .text.xTimerIsTimerActive
                0x000000000001bf8c       0x1c src/libnrf-sdk.a(timers.c.o)
                0x000000000001bf8c                xTimerIsTimerActive
 .text.adafruit_callback_task
                0x000000000001bfa8       0x78 src/libnrf-sdk.a(AdaCallback.c.o)
                0x000000000001bfa8                adafruit_callback_task
 .text.ada_callback_init
                0x000000000001c020       0x44 src/libnrf-sdk.a(AdaCallback.c.o)
                0x000000000001c020                ada_callback_init
 .text.ada_callback_queue_resize
                0x000000000001c064       0x58 src/libnrf-sdk.a(AdaCallback.c.o)
                0x000000000001c064                ada_callback_queue_resize
 .text.ada_callback_queue
                0x000000000001c0bc       0x6c src/libnrf-sdk.a(AdaCallback.c.o)
                0x000000000001c0bc                ada_callback_queue
 .text.ada_callback_invoke
                0x000000000001c128       0x90 src/libnrf-sdk.a(AdaCallback.c.o)
                0x000000000001c128                ada_callback_invoke
 .text._ZN13Adafruit_FIFOD2Ev
                0x000000000001c1b8       0x20 src/libnrf-sdk.a(adafruit_fifo.cpp.o)
                0x000000000001c1b8                Adafruit_FIFO::~Adafruit_FIFO()
                0x000000000001c1b8                Adafruit_FIFO::~Adafruit_FIFO()
 .text._ZN13Adafruit_FIFOD0Ev
                0x000000000001c1d8       0x14 src/libnrf-sdk.a(adafruit_fifo.cpp.o)
                0x000000000001c1d8                Adafruit_FIFO::~Adafruit_FIFO()
 .text._ZN13Adafruit_FIFO11_mutex_lockEv
                0x000000000001c1ec       0x14 src/libnrf-sdk.a(adafruit_fifo.cpp.o)
                0x000000000001c1ec                Adafruit_FIFO::_mutex_lock()
 .text._ZN13Adafruit_FIFO13_mutex_unlockEv
                0x000000000001c200       0x16 src/libnrf-sdk.a(adafruit_fifo.cpp.o)
                0x000000000001c200                Adafruit_FIFO::_mutex_unlock()
 *fill*         0x000000000001c216        0x2 
 .text._ZN13Adafruit_FIFOC2Eht
                0x000000000001c218       0x20 src/libnrf-sdk.a(adafruit_fifo.cpp.o)
                0x000000000001c218                Adafruit_FIFO::Adafruit_FIFO(unsigned char, unsigned short)
                0x000000000001c218                Adafruit_FIFO::Adafruit_FIFO(unsigned char, unsigned short)
 .text._ZN13Adafruit_FIFO5beginEv
                0x000000000001c238       0x1a src/libnrf-sdk.a(adafruit_fifo.cpp.o)
                0x000000000001c238                Adafruit_FIFO::begin()
 .text._ZN13Adafruit_FIFO5beginEt
                0x000000000001c252        0x6 src/libnrf-sdk.a(adafruit_fifo.cpp.o)
                0x000000000001c252                Adafruit_FIFO::begin(unsigned short)
 .text._ZN13Adafruit_FIFO5clearEv
                0x000000000001c258       0x18 src/libnrf-sdk.a(adafruit_fifo.cpp.o)
                0x000000000001c258                Adafruit_FIFO::clear()
 .text._ZN13Adafruit_FIFO5_pushEPKv
                0x000000000001c270       0x42 src/libnrf-sdk.a(adafruit_fifo.cpp.o)
                0x000000000001c270                Adafruit_FIFO::_push(void const*)
 .text._ZN13Adafruit_FIFO5writeEPKvt
                0x000000000001c2b2       0x42 src/libnrf-sdk.a(adafruit_fifo.cpp.o)
                0x000000000001c2b2                Adafruit_FIFO::write(void const*, unsigned short)
 .text._ZN13Adafruit_FIFO5_pullEPv
                0x000000000001c2f4       0x34 src/libnrf-sdk.a(adafruit_fifo.cpp.o)
                0x000000000001c2f4                Adafruit_FIFO::_pull(void*)
 .text._ZN13Adafruit_FIFO4readEPvt
                0x000000000001c328       0x40 src/libnrf-sdk.a(adafruit_fifo.cpp.o)
                0x000000000001c328                Adafruit_FIFO::read(void*, unsigned short)
 .text._ZN13Adafruit_FIFO6peekAtEtPv
                0x000000000001c368       0x38 src/libnrf-sdk.a(adafruit_fifo.cpp.o)
                0x000000000001c368                Adafruit_FIFO::peekAt(unsigned short, void*)
 .text.delay    0x000000000001c3a0        0xe src/libnrf-sdk.a(delay.c.o)
                0x000000000001c3a0                delay
 .text.__empty  0x000000000001c3ae        0x2 src/libnrf-sdk.a(hooks.c.o)
                0x000000000001c3ae                vApplicationIdleHook
 .text._Znwj    0x000000000001c3b0        0x4 src/libnrf-sdk.a(new.cpp.o)
                0x000000000001c3b0                operator new(unsigned int)
 .text._ZdlPvj  0x000000000001c3b4        0x4 src/libnrf-sdk.a(new.cpp.o)
                0x000000000001c3b4                operator delete(void*, unsigned int)
 .text._sbrk    0x000000000001c3b8       0x2c src/libnrf-sdk.a(new.cpp.o)
                0x000000000001c3b8                _sbrk
 .text.yield    0x000000000001c3e4       0x18 src/libnrf-sdk.a(rtos.cpp.o)
                0x000000000001c3e4                yield
 .text.vApplicationStackOverflowHook
                0x000000000001c3fc        0x2 src/libnrf-sdk.a(rtos.cpp.o)
                0x000000000001c3fc                vApplicationStackOverflowHook
 .text.vApplicationMallocFailedHook
                0x000000000001c3fe        0x2 src/libnrf-sdk.a(rtos.cpp.o)
                0x000000000001c3fe                vApplicationMallocFailedHook
 .text.vApplicationGetIdleTaskMemory
                0x000000000001c400       0x18 src/libnrf-sdk.a(rtos.cpp.o)
                0x000000000001c400                vApplicationGetIdleTaskMemory
 .text.vApplicationGetTimerTaskMemory
                0x000000000001c418       0x18 src/libnrf-sdk.a(rtos.cpp.o)
                0x000000000001c418                vApplicationGetTimerTaskMemory
 .text.init     0x000000000001c430       0x6c src/libnrf-sdk.a(wiring.c.o)
                0x000000000001c430                init
 .text.pinMode  0x000000000001c49c       0xf8 src/libnrf-sdk.a(wiring_digital.c.o)
                0x000000000001c49c                pinMode
 .text.digitalWrite
                0x000000000001c594       0x24 src/libnrf-sdk.a(wiring_digital.c.o)
                0x000000000001c594                digitalWrite
 .text.digitalRead
                0x000000000001c5b8       0x34 src/libnrf-sdk.a(wiring_digital.c.o)
                0x000000000001c5b8                digitalRead
 .text.digitalToggle
                0x000000000001c5ec       0x16 src/libnrf-sdk.a(wiring_digital.c.o)
                0x000000000001c5ec                digitalToggle
 *fill*         0x000000000001c602        0x2 
 .text.nrf52_errata_12
                0x000000000001c604       0x40 src/libnrf-sdk.a(system_nrf52.c.o)
 .text.nrf52_errata_16
                0x000000000001c644       0x2c src/libnrf-sdk.a(system_nrf52.c.o)
 .text.SystemInit
                0x000000000001c670      0x1f8 src/libnrf-sdk.a(system_nrf52.c.o)
                0x000000000001c670                SystemInit
 .text._ZN17Adafruit_LittleFSD2Ev
                0x000000000001c868        0x2 src/libnrf-sdk.a(Adafruit_LittleFS.cpp.o)
                0x000000000001c868                Adafruit_LittleFS::~Adafruit_LittleFS()
                0x000000000001c868                Adafruit_LittleFS::~Adafruit_LittleFS()
 .text._ZN17Adafruit_LittleFSD0Ev
                0x000000000001c86a        0xe src/libnrf-sdk.a(Adafruit_LittleFS.cpp.o)
                0x000000000001c86a                Adafruit_LittleFS::~Adafruit_LittleFS()
 .text._ZN17Adafruit_LittleFS7_lockFSEv.isra.0
                0x000000000001c878        0x8 src/libnrf-sdk.a(Adafruit_LittleFS.cpp.o)
 .text._ZN17Adafruit_LittleFS9_unlockFSEv.isra.0
                0x000000000001c880        0xa src/libnrf-sdk.a(Adafruit_LittleFS.cpp.o)
 *fill*         0x000000000001c88a        0x2 
 .text._ZN17Adafruit_LittleFSC2EP10lfs_config
                0x000000000001c88c       0x30 src/libnrf-sdk.a(Adafruit_LittleFS.cpp.o)
                0x000000000001c88c                Adafruit_LittleFS::Adafruit_LittleFS(lfs_config*)
                0x000000000001c88c                Adafruit_LittleFS::Adafruit_LittleFS(lfs_config*)
 .text._ZN17Adafruit_LittleFS5beginEP10lfs_config
                0x000000000001c8bc       0x32 src/libnrf-sdk.a(Adafruit_LittleFS.cpp.o)
                0x000000000001c8bc                Adafruit_LittleFS::begin(lfs_config*)
 .text._ZN17Adafruit_LittleFS6formatEv
                0x000000000001c8ee       0x50 src/libnrf-sdk.a(Adafruit_LittleFS.cpp.o)
                0x000000000001c8ee                Adafruit_LittleFS::format()
 .text._ZN17Adafruit_LittleFS6existsEPKc
                0x000000000001c93e       0x2c src/libnrf-sdk.a(Adafruit_LittleFS.cpp.o)
                0x000000000001c93e                Adafruit_LittleFS::exists(char const*)
 .text._ZN17Adafruit_LittleFS5mkdirEPKc
                0x000000000001c96a       0xa0 src/libnrf-sdk.a(Adafruit_LittleFS.cpp.o)
                0x000000000001c96a                Adafruit_LittleFS::mkdir(char const*)
 .text._ZN17Adafruit_LittleFS6removeEPKc
                0x000000000001ca0a       0x28 src/libnrf-sdk.a(Adafruit_LittleFS.cpp.o)
                0x000000000001ca0a                Adafruit_LittleFS::remove(char const*)
 .text._ZN27Adafruit_LittleFS_Namespace4File5writeEh
                0x000000000001ca32       0x18 src/libnrf-sdk.a(Adafruit_LittleFS_File.cpp.o)
                0x000000000001ca32                Adafruit_LittleFS_Namespace::File::write(unsigned char)
 .text._ZN17Adafruit_LittleFS7_lockFSEv.isra.0
                0x000000000001ca4a        0x8 src/libnrf-sdk.a(Adafruit_LittleFS_File.cpp.o)
 .text._ZN17Adafruit_LittleFS9_unlockFSEv.isra.0
                0x000000000001ca52        0xa src/libnrf-sdk.a(Adafruit_LittleFS_File.cpp.o)
 .text._ZN27Adafruit_LittleFS_Namespace4File5writeEPKhj
                0x000000000001ca5c       0x38 src/libnrf-sdk.a(Adafruit_LittleFS_File.cpp.o)
                0x000000000001ca5c                Adafruit_LittleFS_Namespace::File::write(unsigned char const*, unsigned int)
 .text._ZN27Adafruit_LittleFS_Namespace4File4peekEv
                0x000000000001ca94       0x64 src/libnrf-sdk.a(Adafruit_LittleFS_File.cpp.o)
                0x000000000001ca94                Adafruit_LittleFS_Namespace::File::peek()
 .text._ZN27Adafruit_LittleFS_Namespace4File9availableEv
                0x000000000001caf8       0x38 src/libnrf-sdk.a(Adafruit_LittleFS_File.cpp.o)
                0x000000000001caf8                Adafruit_LittleFS_Namespace::File::available()
 .text._ZN27Adafruit_LittleFS_Namespace4File5flushEv
                0x000000000001cb30       0x26 src/libnrf-sdk.a(Adafruit_LittleFS_File.cpp.o)
                0x000000000001cb30                Adafruit_LittleFS_Namespace::File::flush()
 *fill*         0x000000000001cb56        0x2 
 .text._ZN27Adafruit_LittleFS_Namespace4FileC2ER17Adafruit_LittleFS
                0x000000000001cb58       0x24 src/libnrf-sdk.a(Adafruit_LittleFS_File.cpp.o)
                0x000000000001cb58                Adafruit_LittleFS_Namespace::File::File(Adafruit_LittleFS&)
                0x000000000001cb58                Adafruit_LittleFS_Namespace::File::File(Adafruit_LittleFS&)
 .text._ZN27Adafruit_LittleFS_Namespace4File10_open_fileEPKch
                0x000000000001cb7c       0x58 src/libnrf-sdk.a(Adafruit_LittleFS_File.cpp.o)
                0x000000000001cb7c                Adafruit_LittleFS_Namespace::File::_open_file(char const*, unsigned char)
 .text._ZN27Adafruit_LittleFS_Namespace4File9_open_dirEPKc
                0x000000000001cbd4       0x40 src/libnrf-sdk.a(Adafruit_LittleFS_File.cpp.o)
                0x000000000001cbd4                Adafruit_LittleFS_Namespace::File::_open_dir(char const*)
 .text._ZN27Adafruit_LittleFS_Namespace4File4readEPvt
                0x000000000001cc14       0x36 src/libnrf-sdk.a(Adafruit_LittleFS_File.cpp.o)
                0x000000000001cc14                Adafruit_LittleFS_Namespace::File::read(void*, unsigned short)
 .text._ZN27Adafruit_LittleFS_Namespace4File4readEv
                0x000000000001cc4a       0x1e src/libnrf-sdk.a(Adafruit_LittleFS_File.cpp.o)
                0x000000000001cc4a                Adafruit_LittleFS_Namespace::File::read()
 .text._ZN27Adafruit_LittleFS_Namespace4File4seekEm
                0x000000000001cc68       0x34 src/libnrf-sdk.a(Adafruit_LittleFS_File.cpp.o)
                0x000000000001cc68                Adafruit_LittleFS_Namespace::File::seek(unsigned long)
 .text._ZN27Adafruit_LittleFS_Namespace4File8positionEv
                0x000000000001cc9c       0x2c src/libnrf-sdk.a(Adafruit_LittleFS_File.cpp.o)
                0x000000000001cc9c                Adafruit_LittleFS_Namespace::File::position()
 .text._ZN27Adafruit_LittleFS_Namespace4File4sizeEv
                0x000000000001ccc8       0x2c src/libnrf-sdk.a(Adafruit_LittleFS_File.cpp.o)
                0x000000000001ccc8                Adafruit_LittleFS_Namespace::File::size()
 .text._ZN27Adafruit_LittleFS_Namespace4File6_closeEv
                0x000000000001ccf4       0x38 src/libnrf-sdk.a(Adafruit_LittleFS_File.cpp.o)
                0x000000000001ccf4                Adafruit_LittleFS_Namespace::File::_close()
 .text._ZN27Adafruit_LittleFS_Namespace4File5closeEv
                0x000000000001cd2c       0x1e src/libnrf-sdk.a(Adafruit_LittleFS_File.cpp.o)
                0x000000000001cd2c                Adafruit_LittleFS_Namespace::File::close()
 .text._ZN27Adafruit_LittleFS_Namespace4File5_openEPKch
                0x000000000001cd4a       0x6c src/libnrf-sdk.a(Adafruit_LittleFS_File.cpp.o)
                0x000000000001cd4a                Adafruit_LittleFS_Namespace::File::_open(char const*, unsigned char)
 .text._ZN27Adafruit_LittleFS_Namespace4File4openEPKch
                0x000000000001cdb6       0x2a src/libnrf-sdk.a(Adafruit_LittleFS_File.cpp.o)
                0x000000000001cdb6                Adafruit_LittleFS_Namespace::File::open(char const*, unsigned char)
 .text._ZN27Adafruit_LittleFS_Namespace4FileC2EPKchR17Adafruit_LittleFS
                0x000000000001cde0       0x1e src/libnrf-sdk.a(Adafruit_LittleFS_File.cpp.o)
                0x000000000001cde0                Adafruit_LittleFS_Namespace::File::File(char const*, unsigned char, Adafruit_LittleFS&)
                0x000000000001cde0                Adafruit_LittleFS_Namespace::File::File(char const*, unsigned char, Adafruit_LittleFS&)
 .text._ZN27Adafruit_LittleFS_Namespace4FilecvbEv
                0x000000000001cdfe        0xa src/libnrf-sdk.a(Adafruit_LittleFS_File.cpp.o)
                0x000000000001cdfe                Adafruit_LittleFS_Namespace::File::operator bool()
 .text._ZN27Adafruit_LittleFS_Namespace4File12openNextFileEh
                0x000000000001ce08       0xc4 src/libnrf-sdk.a(Adafruit_LittleFS_File.cpp.o)
                0x000000000001ce08                Adafruit_LittleFS_Namespace::File::openNextFile(unsigned char)
 .text.lfs_alloc_lookahead
                0x000000000001cecc       0x36 src/libnrf-sdk.a(lfs.c.o)
 .text.lfs_pairisnull
                0x000000000001cf02       0x14 src/libnrf-sdk.a(lfs.c.o)
 .text.lfs_paircmp
                0x000000000001cf16       0x22 src/libnrf-sdk.a(lfs.c.o)
 .text.lfs_entry_size
                0x000000000001cf38        0xe src/libnrf-sdk.a(lfs.c.o)
 .text.lfs_deinit
                0x000000000001cf46       0x2e src/libnrf-sdk.a(lfs.c.o)
 .text.lfs_cache_read.isra.0
                0x000000000001cf74       0xf0 src/libnrf-sdk.a(lfs.c.o)
 .text.lfs_bd_read
                0x000000000001d064       0x1a src/libnrf-sdk.a(lfs.c.o)
 .text.lfs_cache_zero.isra.0
                0x000000000001d07e       0x16 src/libnrf-sdk.a(lfs.c.o)
 .text.lfs_init
                0x000000000001d094       0x76 src/libnrf-sdk.a(lfs.c.o)
 .text.lfs_ctz_index.isra.0
                0x000000000001d10a       0x3a src/libnrf-sdk.a(lfs.c.o)
 .text.lfs_ctz_traverse.part.0
                0x000000000001d144       0x86 src/libnrf-sdk.a(lfs.c.o)
 .text.lfs_ctz_find.constprop.0
                0x000000000001d1ca       0x8c src/libnrf-sdk.a(lfs.c.o)
 .text.lfs_bd_crc
                0x000000000001d256       0x4a src/libnrf-sdk.a(lfs.c.o)
 .text.lfs_dir_fetch
                0x000000000001d2a0       0xce src/libnrf-sdk.a(lfs.c.o)
 .text.lfs_dir_next
                0x000000000001d36e       0x7e src/libnrf-sdk.a(lfs.c.o)
 .text.lfs_moved
                0x000000000001d3ec       0x70 src/libnrf-sdk.a(lfs.c.o)
 .text.lfs_parent.part.0
                0x000000000001d45c       0x62 src/libnrf-sdk.a(lfs.c.o)
 .text.lfs_pred
                0x000000000001d4be       0x56 src/libnrf-sdk.a(lfs.c.o)
 .text.lfs_cache_cmp.constprop.0
                0x000000000001d514       0x50 src/libnrf-sdk.a(lfs.c.o)
 .text.lfs_cache_flush
                0x000000000001d564       0x5a src/libnrf-sdk.a(lfs.c.o)
 .text.lfs_cache_prog
                0x000000000001d5be       0xe8 src/libnrf-sdk.a(lfs.c.o)
 *fill*         0x000000000001d6a6        0x2 
 .text.lfs_dir_find
                0x000000000001d6a8      0x14c src/libnrf-sdk.a(lfs.c.o)
 .text.lfs_dir_open
                0x000000000001d7f4       0x50 src/libnrf-sdk.a(lfs.c.o)
                0x000000000001d7f4                lfs_dir_open
 .text.lfs_dir_close
                0x000000000001d844       0x1a src/libnrf-sdk.a(lfs.c.o)
                0x000000000001d844                lfs_dir_close
 *fill*         0x000000000001d85e        0x2 
 .text.lfs_dir_read
                0x000000000001d860       0xcc src/libnrf-sdk.a(lfs.c.o)
                0x000000000001d860                lfs_dir_read
 .text.lfs_file_tell
                0x000000000001d92c        0x4 src/libnrf-sdk.a(lfs.c.o)
                0x000000000001d92c                lfs_file_tell
 .text.lfs_file_size
                0x000000000001d930       0x12 src/libnrf-sdk.a(lfs.c.o)
                0x000000000001d930                lfs_file_size
 *fill*         0x000000000001d942        0x2 
 .text.lfs_stat
                0x000000000001d944       0x78 src/libnrf-sdk.a(lfs.c.o)
                0x000000000001d944                lfs_stat
 .text.lfs_mount
                0x000000000001d9bc       0x84 src/libnrf-sdk.a(lfs.c.o)
                0x000000000001d9bc                lfs_mount
 .text.lfs_unmount
                0x000000000001da40        0xa src/libnrf-sdk.a(lfs.c.o)
                0x000000000001da40                lfs_unmount
 .text.lfs_traverse
                0x000000000001da4a      0x114 src/libnrf-sdk.a(lfs.c.o)
                0x000000000001da4a                lfs_traverse
 *fill*         0x000000000001db5e        0x2 
 .text.lfs_alloc
                0x000000000001db60       0xc0 src/libnrf-sdk.a(lfs.c.o)
 .text.lfs_dir_alloc
                0x000000000001dc20       0x58 src/libnrf-sdk.a(lfs.c.o)
 .text.lfs_file_relocate
                0x000000000001dc78       0xac src/libnrf-sdk.a(lfs.c.o)
 .text.lfs_file_write
                0x000000000001dd24      0x254 src/libnrf-sdk.a(lfs.c.o)
                0x000000000001dd24                lfs_file_write
 .text.lfs_file_flush
                0x000000000001df78       0xd4 src/libnrf-sdk.a(lfs.c.o)
 .text.lfs_file_read
                0x000000000001e04c       0xc8 src/libnrf-sdk.a(lfs.c.o)
                0x000000000001e04c                lfs_file_read
 .text.lfs_file_seek
                0x000000000001e114       0x46 src/libnrf-sdk.a(lfs.c.o)
                0x000000000001e114                lfs_file_seek
 .text.lfs_deorphan
                0x000000000001e15a      0x110 src/libnrf-sdk.a(lfs.c.o)
                0x000000000001e15a                lfs_deorphan
 .text.lfs_dir_commit
                0x000000000001e26a      0x294 src/libnrf-sdk.a(lfs.c.o)
 .text.lfs_dir_update
                0x000000000001e4fe       0x32 src/libnrf-sdk.a(lfs.c.o)
 .text.lfs_file_sync
                0x000000000001e530       0x74 src/libnrf-sdk.a(lfs.c.o)
                0x000000000001e530                lfs_file_sync
 .text.lfs_file_close
                0x000000000001e5a4       0x3a src/libnrf-sdk.a(lfs.c.o)
                0x000000000001e5a4                lfs_file_close
 .text.lfs_dir_append
                0x000000000001e5de       0xda src/libnrf-sdk.a(lfs.c.o)
 .text.lfs_dir_remove
                0x000000000001e6b8       0xe8 src/libnrf-sdk.a(lfs.c.o)
 .text.lfs_format
                0x000000000001e7a0      0x130 src/libnrf-sdk.a(lfs.c.o)
                0x000000000001e7a0                lfs_format
 .text.lfs_mkdir
                0x000000000001e8d0       0xac src/libnrf-sdk.a(lfs.c.o)
                0x000000000001e8d0                lfs_mkdir
 .text.lfs_file_opencfg
                0x000000000001e97c      0x140 src/libnrf-sdk.a(lfs.c.o)
                0x000000000001e97c                lfs_file_opencfg
 .text.lfs_file_open
                0x000000000001eabc        0xe src/libnrf-sdk.a(lfs.c.o)
                0x000000000001eabc                lfs_file_open
 .text.lfs_remove
                0x000000000001eaca       0x7c src/libnrf-sdk.a(lfs.c.o)
                0x000000000001eaca                lfs_remove
 *fill*         0x000000000001eb46        0x2 
 .text.lfs_crc  0x000000000001eb48       0x3c src/libnrf-sdk.a(lfs_util.c.o)
                0x000000000001eb48                lfs_crc
 .text.sd_ble_gatts_characteristic_add
                0x000000000001eb84        0x4 src/libnrf-sdk.a(BLECharacteristic.cpp.o)
 .text.sd_ble_gatts_descriptor_add
                0x000000000001eb88        0x4 src/libnrf-sdk.a(BLECharacteristic.cpp.o)
 .text.sd_ble_gatts_value_set
                0x000000000001eb8c        0x4 src/libnrf-sdk.a(BLECharacteristic.cpp.o)
 .text.sd_ble_gatts_value_get
                0x000000000001eb90        0x4 src/libnrf-sdk.a(BLECharacteristic.cpp.o)
 .text.sd_ble_gatts_hvx
                0x000000000001eb94        0x4 src/libnrf-sdk.a(BLECharacteristic.cpp.o)
 .text.sd_ble_gatts_rw_authorize_reply
                0x000000000001eb98        0x4 src/libnrf-sdk.a(BLECharacteristic.cpp.o)
 .text._ZN17BLECharacteristicD2Ev
                0x000000000001eb9c       0x18 src/libnrf-sdk.a(BLECharacteristic.cpp.o)
                0x000000000001eb9c                BLECharacteristic::~BLECharacteristic()
                0x000000000001eb9c                BLECharacteristic::~BLECharacteristic()
 .text._ZN17BLECharacteristicD0Ev
                0x000000000001ebb4       0x14 src/libnrf-sdk.a(BLECharacteristic.cpp.o)
                0x000000000001ebb4                BLECharacteristic::~BLECharacteristic()
 .text._ZN17BLECharacteristic13_eventHandlerEP9ble_evt_t
                0x000000000001ebc8      0x21c src/libnrf-sdk.a(BLECharacteristic.cpp.o)
                0x000000000001ebc8                BLECharacteristic::_eventHandler(ble_evt_t*)
 .text._ZN17BLECharacteristic5beginEv
                0x000000000001ede4      0x220 src/libnrf-sdk.a(BLECharacteristic.cpp.o)
                0x000000000001ede4                BLECharacteristic::begin()
 .text._ZN17BLECharacteristic5_initEv
                0x000000000001f004       0x80 src/libnrf-sdk.a(BLECharacteristic.cpp.o)
                0x000000000001f004                BLECharacteristic::_init()
 .text._ZN17BLECharacteristicC2E7BLEUuid
                0x000000000001f084       0x28 src/libnrf-sdk.a(BLECharacteristic.cpp.o)
                0x000000000001f084                BLECharacteristic::BLECharacteristic(BLEUuid)
                0x000000000001f084                BLECharacteristic::BLECharacteristic(BLEUuid)
 .text._ZN17BLECharacteristic13parentServiceEv
                0x000000000001f0ac        0x4 src/libnrf-sdk.a(BLECharacteristic.cpp.o)
                0x000000000001f0ac                BLECharacteristic::parentService()
 .text._ZN17BLECharacteristic13setPropertiesEh
                0x000000000001f0b0       0x18 src/libnrf-sdk.a(BLECharacteristic.cpp.o)
                0x000000000001f0b0                BLECharacteristic::setProperties(unsigned char)
 .text._ZN17BLECharacteristic9setMaxLenEt
                0x000000000001f0c8        0x4 src/libnrf-sdk.a(BLECharacteristic.cpp.o)
                0x000000000001f0c8                BLECharacteristic::setMaxLen(unsigned short)
 .text._ZN17BLECharacteristic13setPermissionE12SecureMode_tS0_
                0x000000000001f0cc       0x2a src/libnrf-sdk.a(BLECharacteristic.cpp.o)
                0x000000000001f0cc                BLECharacteristic::setPermission(SecureMode_t, SecureMode_t)
 .text._ZN17BLECharacteristic16setWriteCallbackEPFvtPS_PhtEb
                0x000000000001f0f6       0x10 src/libnrf-sdk.a(BLECharacteristic.cpp.o)
                0x000000000001f0f6                BLECharacteristic::setWriteCallback(void (*)(unsigned short, BLECharacteristic*, unsigned char*, unsigned short), bool)
 .text._ZN17BLECharacteristic17setUserDescriptorEPKc
                0x000000000001f106        0x4 src/libnrf-sdk.a(BLECharacteristic.cpp.o)
                0x000000000001f106                BLECharacteristic::setUserDescriptor(char const*)
 .text._ZN17BLECharacteristic7handlesEv
                0x000000000001f10a        0xc src/libnrf-sdk.a(BLECharacteristic.cpp.o)
                0x000000000001f10a                BLECharacteristic::handles()
 .text._ZN17BLECharacteristic5writeEPKvt
                0x000000000001f116       0x30 src/libnrf-sdk.a(BLECharacteristic.cpp.o)
                0x000000000001f116                BLECharacteristic::write(void const*, unsigned short)
 *fill*         0x000000000001f146        0x2 
 .text._ZN17BLECharacteristic7getCccdEt
                0x000000000001f148       0x50 src/libnrf-sdk.a(BLECharacteristic.cpp.o)
                0x000000000001f148                BLECharacteristic::getCccd(unsigned short)
 .text._ZN17BLECharacteristic13notifyEnabledEt
                0x000000000001f198       0x1a src/libnrf-sdk.a(BLECharacteristic.cpp.o)
                0x000000000001f198                BLECharacteristic::notifyEnabled(unsigned short)
 *fill*         0x000000000001f1b2        0x2 
 .text._ZN17BLECharacteristic6notifyEtPKvt
                0x000000000001f1b4       0xc8 src/libnrf-sdk.a(BLECharacteristic.cpp.o)
                0x000000000001f1b4                BLECharacteristic::notify(unsigned short, void const*, unsigned short)
 .text.sd_ble_gap_phy_update
                0x000000000001f27c        0x4 src/libnrf-sdk.a(BLEConnection.cpp.o)
 .text.sd_ble_gatts_sys_attr_set
                0x000000000001f280        0x4 src/libnrf-sdk.a(BLEConnection.cpp.o)
 .text.sd_ble_gatts_exchange_mtu_reply
                0x000000000001f284        0x4 src/libnrf-sdk.a(BLEConnection.cpp.o)
 .text._ZN13BLEConnectionD2Ev
                0x000000000001f288       0x24 src/libnrf-sdk.a(BLEConnection.cpp.o)
                0x000000000001f288                BLEConnection::~BLEConnection()
                0x000000000001f288                BLEConnection::~BLEConnection()
 .text._ZN13BLEConnectionD0Ev
                0x000000000001f2ac       0x14 src/libnrf-sdk.a(BLEConnection.cpp.o)
                0x000000000001f2ac                BLEConnection::~BLEConnection()
 .text._ZN13BLEConnectionC2EtPK23ble_gap_evt_connected_thh
                0x000000000001f2c0       0x64 src/libnrf-sdk.a(BLEConnection.cpp.o)
                0x000000000001f2c0                BLEConnection::BLEConnection(unsigned short, ble_gap_evt_connected_t const*, unsigned char, unsigned char)
                0x000000000001f2c0                BLEConnection::BLEConnection(unsigned short, ble_gap_evt_connected_t const*, unsigned char, unsigned char)
 .text._ZN13BLEConnection9connectedEv
                0x000000000001f324        0x4 src/libnrf-sdk.a(BLEConnection.cpp.o)
                0x000000000001f324                BLEConnection::connected()
 .text._ZN13BLEConnection7securedEv
                0x000000000001f328        0xa src/libnrf-sdk.a(BLEConnection.cpp.o)
                0x000000000001f328                BLEConnection::secured()
 .text._ZN13BLEConnection7getRoleEv
                0x000000000001f332        0x4 src/libnrf-sdk.a(BLEConnection.cpp.o)
                0x000000000001f332                BLEConnection::getRole()
 .text._ZN13BLEConnection6getMtuEv
                0x000000000001f336        0x4 src/libnrf-sdk.a(BLEConnection.cpp.o)
                0x000000000001f336                BLEConnection::getMtu()
 .text._ZN13BLEConnection21getConnectionIntervalEv
                0x000000000001f33a        0x4 src/libnrf-sdk.a(BLEConnection.cpp.o)
                0x000000000001f33a                BLEConnection::getConnectionInterval()
 .text._ZN13BLEConnection11getPeerAddrEv
                0x000000000001f33e       0x18 src/libnrf-sdk.a(BLEConnection.cpp.o)
                0x000000000001f33e                BLEConnection::getPeerAddr()
 .text._ZN13BLEConnection12getHvnPacketEv
                0x000000000001f356       0x12 src/libnrf-sdk.a(BLEConnection.cpp.o)
                0x000000000001f356                BLEConnection::getHvnPacket()
 .text._ZN13BLEConnection16releaseHvnPacketEv
                0x000000000001f368       0x16 src/libnrf-sdk.a(BLEConnection.cpp.o)
                0x000000000001f368                BLEConnection::releaseHvnPacket()
 .text._ZN13BLEConnection8saveCccdEv
                0x000000000001f37e        0xc src/libnrf-sdk.a(BLEConnection.cpp.o)
                0x000000000001f37e                BLEConnection::saveCccd()
 .text._ZN13BLEConnection8loadCccdEv
                0x000000000001f38a        0xc src/libnrf-sdk.a(BLEConnection.cpp.o)
                0x000000000001f38a                BLEConnection::loadCccd()
 .text._ZN13BLEConnection11saveBondKeyEPK11bond_keys_t
                0x000000000001f396       0x2c src/libnrf-sdk.a(BLEConnection.cpp.o)
                0x000000000001f396                BLEConnection::saveBondKey(bond_keys_t const*)
 .text._ZN13BLEConnection11loadBondKeyEP11bond_keys_t
                0x000000000001f3c2       0x2e src/libnrf-sdk.a(BLEConnection.cpp.o)
                0x000000000001f3c2                BLEConnection::loadBondKey(bond_keys_t*)
 .text._ZN13BLEConnection13_eventHandlerEP9ble_evt_t
                0x000000000001f3f0      0x128 src/libnrf-sdk.a(BLEConnection.cpp.o)
                0x000000000001f3f0                BLEConnection::_eventHandler(ble_evt_t*)
 .text._ZN13BLEConnection11getPeerNameEPct
                0x000000000001f518       0x40 src/libnrf-sdk.a(BLEConnection.cpp.o)
                0x000000000001f518                BLEConnection::getPeerName(char*, unsigned short)
 .text._ZN12BLEDiscoveryC2Ev
                0x000000000001f558       0x1c src/libnrf-sdk.a(BLEDiscovery.cpp.o)
                0x000000000001f558                BLEDiscovery::BLEDiscovery()
                0x000000000001f558                BLEDiscovery::BLEDiscovery()
 .text._ZN12BLEDiscovery5begunEv
                0x000000000001f574        0x4 src/libnrf-sdk.a(BLEDiscovery.cpp.o)
                0x000000000001f574                BLEDiscovery::begun()
 .text._ZN12BLEDiscovery13_eventHandlerEP9ble_evt_t
                0x000000000001f578       0x60 src/libnrf-sdk.a(BLEDiscovery.cpp.o)
                0x000000000001f578                BLEDiscovery::_eventHandler(ble_evt_t*)
 .text.sd_ble_gattc_char_value_by_uuid_read
                0x000000000001f5d8        0x4 src/libnrf-sdk.a(BLEGatt.cpp.o)
 .text._ZN7BLEGattC2Ev
                0x000000000001f5dc       0x24 src/libnrf-sdk.a(BLEGatt.cpp.o)
                0x000000000001f5dc                BLEGatt::BLEGatt()
                0x000000000001f5dc                BLEGatt::BLEGatt()
 .text._ZN7BLEGatt14readCharByUuidEt7BLEUuidPvttt
                0x000000000001f600       0x80 src/libnrf-sdk.a(BLEGatt.cpp.o)
                0x000000000001f600                BLEGatt::readCharByUuid(unsigned short, BLEUuid, void*, unsigned short, unsigned short, unsigned short)
 .text._ZN7BLEGatt13_eventHandlerEP9ble_evt_t
                0x000000000001f680      0x1a4 src/libnrf-sdk.a(BLEGatt.cpp.o)
                0x000000000001f680                BLEGatt::_eventHandler(ble_evt_t*)
 .text._ZN7BLEGatt18_addCharacteristicEP17BLECharacteristic
                0x000000000001f824       0x1c src/libnrf-sdk.a(BLEGatt.cpp.o)
                0x000000000001f824                BLEGatt::_addCharacteristic(BLECharacteristic*)
 .text._ZN7BLEGatt11_addServiceEP10BLEService
                0x000000000001f840       0x18 src/libnrf-sdk.a(BLEGatt.cpp.o)
                0x000000000001f840                BLEGatt::_addService(BLEService*)
 .text.sd_ecb_block_encrypt
                0x000000000001f858        0x4 src/libnrf-sdk.a(BLESecurity.cpp.o)
 .text.sd_ble_gap_sec_params_reply
                0x000000000001f85c        0x4 src/libnrf-sdk.a(BLESecurity.cpp.o)
 .text.sd_ble_gap_auth_key_reply
                0x000000000001f860        0x4 src/libnrf-sdk.a(BLESecurity.cpp.o)
 .text.sd_ble_gap_sec_info_reply
                0x000000000001f864        0x4 src/libnrf-sdk.a(BLESecurity.cpp.o)
 .text._ZL29_passkey_display_cabllack_dfrPFbtPKhbEtS0_b
                0x000000000001f868       0x22 src/libnrf-sdk.a(BLESecurity.cpp.o)
 .text._ZL11swap_endianPhm.constprop.0
                0x000000000001f88a       0x1e src/libnrf-sdk.a(BLESecurity.cpp.o)
 .text._ZN11BLESecurityC2Ev
                0x000000000001f8a8       0x18 src/libnrf-sdk.a(BLESecurity.cpp.o)
                0x000000000001f8a8                BLESecurity::BLESecurity()
                0x000000000001f8a8                BLESecurity::BLESecurity()
 .text._ZN11BLESecurity5beginEv
                0x000000000001f8c0        0x4 src/libnrf-sdk.a(BLESecurity.cpp.o)
                0x000000000001f8c0                BLESecurity::begin()
 .text._ZN11BLESecurity14resolveAddressEPK14ble_gap_addr_tPK13ble_gap_irk_t
                0x000000000001f8c4       0x60 src/libnrf-sdk.a(BLESecurity.cpp.o)
                0x000000000001f8c4                BLESecurity::resolveAddress(ble_gap_addr_t const*, ble_gap_irk_t const*)
 .text._ZN11BLESecurity13_eventHandlerEP9ble_evt_t
                0x000000000001f924      0x100 src/libnrf-sdk.a(BLESecurity.cpp.o)
                0x000000000001f924                BLESecurity::_eventHandler(ble_evt_t*)
 .text.sd_ble_gatts_service_add
                0x000000000001fa24        0x4 src/libnrf-sdk.a(BLEService.cpp.o)
 .text._ZN10BLEService18svc_disconnect_hdlEt
                0x000000000001fa28        0x2 src/libnrf-sdk.a(BLEService.cpp.o)
                0x000000000001fa28                BLEService::svc_connect_hdl(unsigned short)
                0x000000000001fa28                BLEService::svc_disconnect_hdl(unsigned short)
 *fill*         0x000000000001fa2a        0x2 
 .text._ZN10BLEService5beginEv
                0x000000000001fa2c       0x38 src/libnrf-sdk.a(BLEService.cpp.o)
                0x000000000001fa2c                BLEService::begin()
 .text._ZN10BLEServiceC2E7BLEUuid
                0x000000000001fa64       0x28 src/libnrf-sdk.a(BLEService.cpp.o)
                0x000000000001fa64                BLEService::BLEService(BLEUuid)
                0x000000000001fa64                BLEService::BLEService(BLEUuid)
 .text._ZN10BLEService13getPermissionEP12SecureMode_tS1_
                0x000000000001fa8c        0xa src/libnrf-sdk.a(BLEService.cpp.o)
                0x000000000001fa8c                BLEService::getPermission(SecureMode_t*, SecureMode_t*)
 .text._ZN6AdaMsg5_initEv
                0x000000000001fa96       0x12 src/libnrf-sdk.a(AdaMsg.cpp.o)
                0x000000000001fa96                AdaMsg::_init()
 .text._ZN6AdaMsgC2Ev
                0x000000000001faa8        0x8 src/libnrf-sdk.a(AdaMsg.cpp.o)
                0x000000000001faa8                AdaMsg::AdaMsg()
                0x000000000001faa8                AdaMsg::AdaMsg()
 .text._ZN6AdaMsg5beginEb
                0x000000000001fab0       0x12 src/libnrf-sdk.a(AdaMsg.cpp.o)
                0x000000000001fab0                AdaMsg::begin(bool)
 .text._ZN6AdaMsg4stopEv
                0x000000000001fac2       0x18 src/libnrf-sdk.a(AdaMsg.cpp.o)
                0x000000000001fac2                AdaMsg::stop()
 .text._ZN6AdaMsg7prepareEPvt
                0x000000000001fada        0xa src/libnrf-sdk.a(AdaMsg.cpp.o)
                0x000000000001fada                AdaMsg::prepare(void*, unsigned short)
 .text._ZN6AdaMsg17waitUntilCompleteEm
                0x000000000001fae4       0x54 src/libnrf-sdk.a(AdaMsg.cpp.o)
                0x000000000001fae4                AdaMsg::waitUntilComplete(unsigned long)
 .text._ZN6AdaMsg9isWaitingEv
                0x000000000001fb38        0x4 src/libnrf-sdk.a(AdaMsg.cpp.o)
                0x000000000001fb38                AdaMsg::isWaiting()
 .text._ZN6AdaMsg4feedEPvt
                0x000000000001fb3c       0x32 src/libnrf-sdk.a(AdaMsg.cpp.o)
                0x000000000001fb3c                AdaMsg::feed(void*, unsigned short)
 .text._ZN6AdaMsg8completeEv
                0x000000000001fb6e       0x10 src/libnrf-sdk.a(AdaMsg.cpp.o)
                0x000000000001fb6e                AdaMsg::complete()
 .text.sd_flash_write
                0x000000000001fb7e        0x4 src/libnrf-sdk.a(flash_nrf5x.c.o)
 .text.sd_flash_page_erase
                0x000000000001fb82        0x4 src/libnrf-sdk.a(flash_nrf5x.c.o)
 .text.sd_softdevice_is_enabled
                0x000000000001fb86        0x4 src/libnrf-sdk.a(flash_nrf5x.c.o)
 .text.fal_verify
                0x000000000001fb8a        0xe src/libnrf-sdk.a(flash_nrf5x.c.o)
 .text.fal_read
                0x000000000001fb98        0xc src/libnrf-sdk.a(flash_nrf5x.c.o)
 .text.fal_program
                0x000000000001fba4       0x50 src/libnrf-sdk.a(flash_nrf5x.c.o)
 .text.fal_erase
                0x000000000001fbf4       0x58 src/libnrf-sdk.a(flash_nrf5x.c.o)
 .text.flash_nrf5x_event_cb
                0x000000000001fc4c       0x18 src/libnrf-sdk.a(flash_nrf5x.c.o)
                0x000000000001fc4c                flash_nrf5x_event_cb
 .text.flash_nrf5x_flush
                0x000000000001fc64        0xc src/libnrf-sdk.a(flash_nrf5x.c.o)
                0x000000000001fc64                flash_nrf5x_flush
 .text.flash_nrf5x_write
                0x000000000001fc70       0x28 src/libnrf-sdk.a(flash_nrf5x.c.o)
                0x000000000001fc70                flash_nrf5x_write
 .text.flash_nrf5x_read
                0x000000000001fc98       0x10 src/libnrf-sdk.a(flash_nrf5x.c.o)
                0x000000000001fc98                flash_nrf5x_read
 .text.flash_nrf5x_erase
                0x000000000001fca8        0x4 src/libnrf-sdk.a(flash_nrf5x.c.o)
                0x000000000001fca8                flash_nrf5x_erase
 .text.prvTaskExitError
                0x000000000001fcac        0x8 src/libnrf-sdk.a(port_cmsis.c.o)
 .text.pxPortInitialiseStack
                0x000000000001fcb4       0x24 src/libnrf-sdk.a(port_cmsis.c.o)
                0x000000000001fcb4                pxPortInitialiseStack
 .text.xPortStartScheduler
                0x000000000001fcd8       0x4c src/libnrf-sdk.a(port_cmsis.c.o)
                0x000000000001fcd8                xPortStartScheduler
 .text.vPortEnterCritical
                0x000000000001fd24       0x14 src/libnrf-sdk.a(port_cmsis.c.o)
                0x000000000001fd24                vPortEnterCritical
 .text.vPortExitCritical
                0x000000000001fd38       0x14 src/libnrf-sdk.a(port_cmsis.c.o)
                0x000000000001fd38                vPortExitCritical
 .text.sd_app_evt_wait
                0x000000000001fd4c        0x4 src/libnrf-sdk.a(port_cmsis_systick.c.o)
 .text.sd_softdevice_is_enabled
                0x000000000001fd50        0x4 src/libnrf-sdk.a(port_cmsis_systick.c.o)
 .text.RTC1_IRQHandler
                0x000000000001fd54       0x74 src/libnrf-sdk.a(port_cmsis_systick.c.o)
                0x000000000001fd54                RTC1_IRQHandler
 .text.vPortSetupTimerInterrupt
                0x000000000001fdc8       0x38 src/libnrf-sdk.a(port_cmsis_systick.c.o)
                0x000000000001fdc8                vPortSetupTimerInterrupt
 .text.vPortSuppressTicksAndSleep
                0x000000000001fe00      0x194 src/libnrf-sdk.a(port_cmsis_systick.c.o)
                0x000000000001fe00                vPortSuppressTicksAndSleep
 .text.vPortStartFirstTask
                0x000000000001ff94       0x24 src/libnrf-sdk.a(port.c.o)
                0x000000000001ff94                vPortStartFirstTask
 .text.SVC_Handler
                0x000000000001ffb8       0x20 src/libnrf-sdk.a(port.c.o)
                0x000000000001ffb8                SVC_Handler
 .text.PendSV_Handler
                0x000000000001ffd8       0x60 src/libnrf-sdk.a(port.c.o)
                0x000000000001ffd8                PendSV_Handler
 .text.vListInitialise
                0x0000000000020038       0x16 src/libnrf-sdk.a(list.c.o)
                0x0000000000020038                vListInitialise
 .text.vListInitialiseItem
                0x000000000002004e        0x6 src/libnrf-sdk.a(list.c.o)
                0x000000000002004e                vListInitialiseItem
 .text.vListInsertEnd
                0x0000000000020054       0x16 src/libnrf-sdk.a(list.c.o)
                0x0000000000020054                vListInsertEnd
 .text.vListInsert
                0x000000000002006a       0x2e src/libnrf-sdk.a(list.c.o)
                0x000000000002006a                vListInsert
 .text.uxListRemove
                0x0000000000020098       0x24 src/libnrf-sdk.a(list.c.o)
                0x0000000000020098                uxListRemove
 .text.sd_ble_gattc_read
                0x00000000000200bc        0x4 src/libnrf-sdk.a(BLEClientCharacteristic.cpp.o)
 .text.sd_ble_gattc_write
                0x00000000000200c0        0x4 src/libnrf-sdk.a(BLEClientCharacteristic.cpp.o)
 .text.sd_ble_gattc_hv_confirm
                0x00000000000200c4        0x4 src/libnrf-sdk.a(BLEClientCharacteristic.cpp.o)
 .text._ZN23BLEClientCharacteristic10disconnectEv
                0x00000000000200c8        0x6 src/libnrf-sdk.a(BLEClientCharacteristic.cpp.o)
                0x00000000000200c8                BLEClientCharacteristic::disconnect()
 .text._ZN23BLEClientCharacteristic10connHandleEv
                0x00000000000200ce        0x6 src/libnrf-sdk.a(BLEClientCharacteristic.cpp.o)
                0x00000000000200ce                BLEClientCharacteristic::connHandle()
 .text._ZN23BLEClientCharacteristic11valueHandleEv
                0x00000000000200d4        0x4 src/libnrf-sdk.a(BLEClientCharacteristic.cpp.o)
                0x00000000000200d4                BLEClientCharacteristic::valueHandle()
 .text._ZN23BLEClientCharacteristic13_eventHandlerEP9ble_evt_t
                0x00000000000200d8      0x19c src/libnrf-sdk.a(BLEClientCharacteristic.cpp.o)
                0x00000000000200d8                BLEClientCharacteristic::_eventHandler(ble_evt_t*)
 .text._ZN16BLEClientService10connHandleEv
                0x0000000000020274        0x4 src/libnrf-sdk.a(BLEClientService.cpp.o)
                0x0000000000020274                BLEClientService::connHandle()
 .text.flash_cache_flush
                0x0000000000020278       0x36 src/libnrf-sdk.a(flash_cache.c.o)
                0x0000000000020278                flash_cache_flush
 *fill*         0x00000000000202ae        0x2 
 .text.flash_cache_write
                0x00000000000202b0       0x68 src/libnrf-sdk.a(flash_cache.c.o)
                0x00000000000202b0                flash_cache_write
 .text.flash_cache_read
                0x0000000000020318       0x7e src/libnrf-sdk.a(flash_cache.c.o)
                0x0000000000020318                flash_cache_read
 .text.__aeabi_atexit
                0x0000000000020396        0xa /usr/local/gcc-arm-none-eabi-9-2020-q2-update/bin/../lib/gcc/arm-none-eabi/9.3.1/../../../../arm-none-eabi/lib/thumb/v7e-m+fp/hard/libstdc++_nano.a(atexit_arm.o)
                0x0000000000020396                __aeabi_atexit
 .text.__cxa_guard_acquire
                0x00000000000203a0       0x18 /usr/local/gcc-arm-none-eabi-9-2020-q2-update/bin/../lib/gcc/arm-none-eabi/9.3.1/../../../../arm-none-eabi/lib/thumb/v7e-m+fp/hard/libstdc++_nano.a(guard.o)
                0x00000000000203a0                __cxa_guard_acquire
 .text.__cxa_guard_release
                0x00000000000203b8        0x6 /usr/local/gcc-arm-none-eabi-9-2020-q2-update/bin/../lib/gcc/arm-none-eabi/9.3.1/../../../../arm-none-eabi/lib/thumb/v7e-m+fp/hard/libstdc++_nano.a(guard.o)
                0x00000000000203b8                __cxa_guard_release
 *fill*         0x00000000000203be        0x2 
 .text.__cxa_atexit
                0x00000000000203c0       0x1c /usr/local/gcc-arm-none-eabi-9-2020-q2-update/bin/../lib/gcc/arm-none-eabi/9.3.1/../../../../arm-none-eabi/lib/thumb/v7e-m+fp/hard/libc_nano.a(lib_a-cxa_atexit.o)
                0x00000000000203c0                __cxa_atexit
 .text.__errno  0x00000000000203dc        0xc /usr/local/gcc-arm-none-eabi-9-2020-q2-update/bin/../lib/gcc/arm-none-eabi/9.3.1/../../../../arm-none-eabi/lib/thumb/v7e-m+fp/hard/libc_nano.a(lib_a-errno.o)
                0x00000000000203dc                __errno
 .text.exit     0x00000000000203e8       0x28 /usr/local/gcc-arm-none-eabi-9-2020-q2-update/bin/../lib/gcc/arm-none-eabi/9.3.1/../../../../arm-none-eabi/lib/thumb/v7e-m+fp/hard/libc_nano.a(lib_a-exit.o)
                0x00000000000203e8                exit
 .text.__libc_init_array
                0x0000000000020410       0x48 /usr/local/gcc-arm-none-eabi-9-2020-q2-update/bin/../lib/gcc/arm-none-eabi/9.3.1/../../../../arm-none-eabi/lib/thumb/v7e-m+fp/hard/libc_nano.a(lib_a-init.o)
                0x0000000000020410                __libc_init_array
 .text.malloc   0x0000000000020458       0x10 /usr/local/gcc-arm-none-eabi-9-2020-q2-update/bin/../lib/gcc/arm-none-eabi/9.3.1/../../../../arm-none-eabi/lib/thumb/v7e-m+fp/hard/libc_nano.a(lib_a-malloc.o)
                0x0000000000020458                malloc
 .text.free     0x0000000000020468       0x10 /usr/local/gcc-arm-none-eabi-9-2020-q2-update/bin/../lib/gcc/arm-none-eabi/9.3.1/../../../../arm-none-eabi/lib/thumb/v7e-m+fp/hard/libc_nano.a(lib_a-malloc.o)
                0x0000000000020468                free
 .text.memcmp   0x0000000000020478       0x1c /usr/local/gcc-arm-none-eabi-9-2020-q2-update/bin/../lib/gcc/arm-none-eabi/9.3.1/../../../../arm-none-eabi/lib/thumb/v7e-m+fp/hard/libc_nano.a(lib_a-memcmp.o)
                0x0000000000020478                memcmp
 .text.memcpy   0x0000000000020494       0x1c /usr/local/gcc-arm-none-eabi-9-2020-q2-update/bin/../lib/gcc/arm-none-eabi/9.3.1/../../../../arm-none-eabi/lib/thumb/v7e-m+fp/hard/libc_nano.a(lib_a-memcpy-stub.o)
                0x0000000000020494                memcpy
 .text.memmove  0x00000000000204b0       0x34 /usr/local/gcc-arm-none-eabi-9-2020-q2-update/bin/../lib/gcc/arm-none-eabi/9.3.1/../../../../arm-none-eabi/lib/thumb/v7e-m+fp/hard/libc_nano.a(lib_a-memmove.o)
                0x00000000000204b0                memmove
 .text.memset   0x00000000000204e4       0x10 /usr/local/gcc-arm-none-eabi-9-2020-q2-update/bin/../lib/gcc/arm-none-eabi/9.3.1/../../../../arm-none-eabi/lib/thumb/v7e-m+fp/hard/libc_nano.a(lib_a-memset.o)
                0x00000000000204e4                memset
 .text._free_r  0x00000000000204f4       0xa0 /usr/local/gcc-arm-none-eabi-9-2020-q2-update/bin/../lib/gcc/arm-none-eabi/9.3.1/../../../../arm-none-eabi/lib/thumb/v7e-m+fp/hard/libc_nano.a(lib_a-nano-freer.o)
                0x00000000000204f4                _free_r
 .text._malloc_r
                0x0000000000020594       0xb4 /usr/local/gcc-arm-none-eabi-9-2020-q2-update/bin/../lib/gcc/arm-none-eabi/9.3.1/../../../../arm-none-eabi/lib/thumb/v7e-m+fp/hard/libc_nano.a(lib_a-nano-mallocr.o)
                0x0000000000020594                _malloc_r
 .text._sbrk_r  0x0000000000020648       0x20 /usr/local/gcc-arm-none-eabi-9-2020-q2-update/bin/../lib/gcc/arm-none-eabi/9.3.1/../../../../arm-none-eabi/lib/thumb/v7e-m+fp/hard/libc_nano.a(lib_a-sbrkr.o)
                0x0000000000020648                _sbrk_r
 .text.sprintf  0x0000000000020668       0x40 /usr/local/gcc-arm-none-eabi-9-2020-q2-update/bin/../lib/gcc/arm-none-eabi/9.3.1/../../../../arm-none-eabi/lib/thumb/v7e-m+fp/hard/libc_nano.a(lib_a-sprintf.o)
                0x0000000000020668                sprintf
                0x0000000000020668                siprintf
 .text.strcat   0x00000000000206a8       0x1e /usr/local/gcc-arm-none-eabi-9-2020-q2-update/bin/../lib/gcc/arm-none-eabi/9.3.1/../../../../arm-none-eabi/lib/thumb/v7e-m+fp/hard/libc_nano.a(lib_a-strcat.o)
                0x00000000000206a8                strcat
 .text.strchr   0x00000000000206c6       0x1a /usr/local/gcc-arm-none-eabi-9-2020-q2-update/bin/../lib/gcc/arm-none-eabi/9.3.1/../../../../arm-none-eabi/lib/thumb/v7e-m+fp/hard/libc_nano.a(lib_a-strchr.o)
                0x00000000000206c6                strchr
 .text          0x00000000000206e0       0x14 /usr/local/gcc-arm-none-eabi-9-2020-q2-update/bin/../lib/gcc/arm-none-eabi/9.3.1/../../../../arm-none-eabi/lib/thumb/v7e-m+fp/hard/libc_nano.a(lib_a-strcmp.o)
                0x00000000000206e0                strcmp
 .text.strcpy   0x00000000000206f4       0x10 /usr/local/gcc-arm-none-eabi-9-2020-q2-update/bin/../lib/gcc/arm-none-eabi/9.3.1/../../../../arm-none-eabi/lib/thumb/v7e-m+fp/hard/libc_nano.a(lib_a-strcpy.o)
                0x00000000000206f4                strcpy
 .text.strcspn  0x0000000000020704       0x22 /usr/local/gcc-arm-none-eabi-9-2020-q2-update/bin/../lib/gcc/arm-none-eabi/9.3.1/../../../../arm-none-eabi/lib/thumb/v7e-m+fp/hard/libc_nano.a(lib_a-strcspn.o)
                0x0000000000020704                strcspn
 .text          0x0000000000020726       0x10 /usr/local/gcc-arm-none-eabi-9-2020-q2-update/bin/../lib/gcc/arm-none-eabi/9.3.1/../../../../arm-none-eabi/lib/thumb/v7e-m+fp/hard/libc_nano.a(lib_a-strlen.o)
                0x0000000000020726                strlen
 .text.strncpy  0x0000000000020736       0x26 /usr/local/gcc-arm-none-eabi-9-2020-q2-update/bin/../lib/gcc/arm-none-eabi/9.3.1/../../../../arm-none-eabi/lib/thumb/v7e-m+fp/hard/libc_nano.a(lib_a-strncpy.o)
                0x0000000000020736                strncpy
 .text.strrchr  0x000000000002075c       0x28 /usr/local/gcc-arm-none-eabi-9-2020-q2-update/bin/../lib/gcc/arm-none-eabi/9.3.1/../../../../arm-none-eabi/lib/thumb/v7e-m+fp/hard/libc_nano.a(lib_a-strrchr.o)
                0x000000000002075c                strrchr
 .text.strspn   0x0000000000020784       0x20 /usr/local/gcc-arm-none-eabi-9-2020-q2-update/bin/../lib/gcc/arm-none-eabi/9.3.1/../../../../arm-none-eabi/lib/thumb/v7e-m+fp/hard/libc_nano.a(lib_a-strspn.o)
                0x0000000000020784                strspn
 .text._strtoul_l.isra.0
                0x00000000000207a4       0xf8 /usr/local/gcc-arm-none-eabi-9-2020-q2-update/bin/../lib/gcc/arm-none-eabi/9.3.1/../../../../arm-none-eabi/lib/thumb/v7e-m+fp/hard/libc_nano.a(lib_a-strtoul.o)
 .text.strtoul  0x000000000002089c       0x14 /usr/local/gcc-arm-none-eabi-9-2020-q2-update/bin/../lib/gcc/arm-none-eabi/9.3.1/../../../../arm-none-eabi/lib/thumb/v7e-m+fp/hard/libc_nano.a(lib_a-strtoul.o)
                0x000000000002089c                strtoul
 .text.__retarget_lock_acquire_recursive
                0x00000000000208b0        0x2 /usr/local/gcc-arm-none-eabi-9-2020-q2-update/bin/../lib/gcc/arm-none-eabi/9.3.1/../../../../arm-none-eabi/lib/thumb/v7e-m+fp/hard/libc_nano.a(lib_a-lock.o)
                0x00000000000208b0                __retarget_lock_acquire_recursive
 .text.__retarget_lock_release_recursive
                0x00000000000208b2        0x2 /usr/local/gcc-arm-none-eabi-9-2020-q2-update/bin/../lib/gcc/arm-none-eabi/9.3.1/../../../../arm-none-eabi/lib/thumb/v7e-m+fp/hard/libc_nano.a(lib_a-lock.o)
                0x00000000000208b2                __retarget_lock_release_recursive
 .text.__malloc_lock
                0x00000000000208b4        0xc /usr/local/gcc-arm-none-eabi-9-2020-q2-update/bin/../lib/gcc/arm-none-eabi/9.3.1/../../../../arm-none-eabi/lib/thumb/v7e-m+fp/hard/libc_nano.a(lib_a-mlock.o)
                0x00000000000208b4                __malloc_lock
 .text.__malloc_unlock
                0x00000000000208c0        0xc /usr/local/gcc-arm-none-eabi-9-2020-q2-update/bin/../lib/gcc/arm-none-eabi/9.3.1/../../../../arm-none-eabi/lib/thumb/v7e-m+fp/hard/libc_nano.a(lib_a-mlock.o)
                0x00000000000208c0                __malloc_unlock
 .text._realloc_r
                0x00000000000208cc       0x4c /usr/local/gcc-arm-none-eabi-9-2020-q2-update/bin/../lib/gcc/arm-none-eabi/9.3.1/../../../../arm-none-eabi/lib/thumb/v7e-m+fp/hard/libc_nano.a(lib_a-nano-reallocr.o)
                0x00000000000208cc                _realloc_r
 .text.__ssputs_r
                0x0000000000020918       0xb6 /usr/local/gcc-arm-none-eabi-9-2020-q2-update/bin/../lib/gcc/arm-none-eabi/9.3.1/../../../../arm-none-eabi/lib/thumb/v7e-m+fp/hard/libc_nano.a(lib_a-nano-svfprintf.o)
                0x0000000000020918                __ssputs_r
 *fill*         0x00000000000209ce        0x2 
 .text._svfprintf_r
                0x00000000000209d0      0x200 /usr/local/gcc-arm-none-eabi-9-2020-q2-update/bin/../lib/gcc/arm-none-eabi/9.3.1/../../../../arm-none-eabi/lib/thumb/v7e-m+fp/hard/libc_nano.a(lib_a-nano-svfprintf.o)
                0x00000000000209d0                _svfprintf_r
                0x00000000000209d0                _svfiprintf_r
 .text._printf_common
                0x0000000000020bd0       0xda /usr/local/gcc-arm-none-eabi-9-2020-q2-update/bin/../lib/gcc/arm-none-eabi/9.3.1/../../../../arm-none-eabi/lib/thumb/v7e-m+fp/hard/libc_nano.a(lib_a-nano-vfprintf_i.o)
                0x0000000000020bd0                _printf_common
 *fill*         0x0000000000020caa        0x2 
 .text._printf_i
                0x0000000000020cac      0x24c /usr/local/gcc-arm-none-eabi-9-2020-q2-update/bin/../lib/gcc/arm-none-eabi/9.3.1/../../../../arm-none-eabi/lib/thumb/v7e-m+fp/hard/libc_nano.a(lib_a-nano-vfprintf_i.o)
                0x0000000000020cac                _printf_i
 *fill*         0x0000000000020ef8        0x8 
 .text          0x0000000000020f00       0xa0 /usr/local/gcc-arm-none-eabi-9-2020-q2-update/bin/../lib/gcc/arm-none-eabi/9.3.1/../../../../arm-none-eabi/lib/thumb/v7e-m+fp/hard/libc_nano.a(lib_a-memchr.o)
                0x0000000000020f00                memchr
 .text._malloc_usable_size_r
                0x0000000000020fa0       0x10 /usr/local/gcc-arm-none-eabi-9-2020-q2-update/bin/../lib/gcc/arm-none-eabi/9.3.1/../../../../arm-none-eabi/lib/thumb/v7e-m+fp/hard/libc_nano.a(lib_a-nano-msizer.o)
                0x0000000000020fa0                _malloc_usable_size_r
 .text          0x0000000000020fb0       0x28 /usr/local/gcc-arm-none-eabi-9-2020-q2-update/bin/../lib/gcc/arm-none-eabi/9.3.1/thumb/v7e-m+fp/hard/libgcc.a(_popcountsi2.o)
                0x0000000000020fb0                __popcountsi2
 .text._exit    0x0000000000020fd8        0x4 /usr/local/gcc-arm-none-eabi-9-2020-q2-update/bin/../lib/gcc/arm-none-eabi/9.3.1/../../../../arm-none-eabi/lib/thumb/v7e-m+fp/hard/libnosys.a(_exit.o)
                0x0000000000020fd8                _exit
 *(.init)
 .init          0x0000000000020fdc        0x4 /usr/local/gcc-arm-none-eabi-9-2020-q2-update/bin/../lib/gcc/arm-none-eabi/9.3.1/thumb/v7e-m+fp/hard/crti.o
                0x0000000000020fdc                _init
 .init          0x0000000000020fe0        0x8 /usr/local/gcc-arm-none-eabi-9-2020-q2-update/bin/../lib/gcc/arm-none-eabi/9.3.1/thumb/v7e-m+fp/hard/crtn.o
 *(.fini)
 .fini          0x0000000000020fe8        0x4 /usr/local/gcc-arm-none-eabi-9-2020-q2-update/bin/../lib/gcc/arm-none-eabi/9.3.1/thumb/v7e-m+fp/hard/crti.o
                0x0000000000020fe8                _fini
 .fini          0x0000000000020fec        0x8 /usr/local/gcc-arm-none-eabi-9-2020-q2-update/bin/../lib/gcc/arm-none-eabi/9.3.1/thumb/v7e-m+fp/hard/crtn.o
 *crtbegin.o(.ctors)
 *crtbegin?.o(.ctors)
 *(EXCLUDE_FILE(*crtend.o *crtend?.o) .ctors)
 *(SORT_BY_NAME(.ctors.*))
 *(.ctors)
 *crtbegin.o(.dtors)
 *crtbegin?.o(.dtors)
 *(EXCLUDE_FILE(*crtend.o *crtend?.o) .dtors)
 *(SORT_BY_NAME(.dtors.*))
 *(.dtors)
 *(.rodata*)
 .rodata.main.str1.1
                0x0000000000020ff4        0x5 src/CMakeFiles/my-time.dir/main.c.o
 *fill*         0x0000000000020ff9        0x1 
 .rodata        0x0000000000020ffa        0x8 src/libnrf-sdk.a(BLEPeriph.cpp.o)
 *fill*         0x0000000000021002        0x2 
 .rodata._ZTV7BLEUuid
                0x0000000000021004       0x10 src/libnrf-sdk.a(BLEUuid.cpp.o)
                0x0000000000021004                vtable for BLEUuid
 .rodata.str1.1
                0x0000000000021014       0x38 src/libnrf-sdk.a(bluefruit.cpp.o)
 .rodata._ZN17AdafruitBluefruit5beginEhh.str1.1
                0x000000000002104c       0x1b src/libnrf-sdk.a(bluefruit.cpp.o)
 *fill*         0x0000000000021067        0x1 
 .rodata        0x0000000000021068       0x20 src/libnrf-sdk.a(bluefruit.cpp.o)
 .rodata._ZL9get_fnamePchPKh.str1.1
                0x0000000000021088       0x5a src/libnrf-sdk.a(bonding.cpp.o)
 .rodata._Z9bond_initv.str1.1
                0x00000000000210e2       0x28 src/libnrf-sdk.a(bonding.cpp.o)
 .rodata._ZL18bond_save_keys_dfrhtPK11bond_keys_t.str1.1
                0x000000000002110a       0x1e src/libnrf-sdk.a(bonding.cpp.o)
 .rodata._ZN7BLEUart5beginEv.str1.1
                0x0000000000021128        0x8 src/libnrf-sdk.a(BLEUart.cpp.o)
 .rodata.BLEUART_UUID_CHR_RXD
                0x0000000000021130       0x10 src/libnrf-sdk.a(BLEUart.cpp.o)
                0x0000000000021130                BLEUART_UUID_CHR_RXD
 .rodata.BLEUART_UUID_CHR_TXD
                0x0000000000021140       0x10 src/libnrf-sdk.a(BLEUart.cpp.o)
                0x0000000000021140                BLEUART_UUID_CHR_TXD
 .rodata.BLEUART_UUID_SERVICE
                0x0000000000021150       0x10 src/libnrf-sdk.a(BLEUart.cpp.o)
                0x0000000000021150                BLEUART_UUID_SERVICE
 .rodata._ZTV7BLEUart